Archive member included to satisfy reference by file (symbol)

/usr/lib/gcc/arm-none-eabi/14.2.0/../../../../arm-none-eabi/lib/thumb/v7-m/nofp/libc_nano.a(libc_a-atexit.o)
                              /usr/lib/gcc/arm-none-eabi/14.2.0/../../../../arm-none-eabi/lib/thumb/v7-m/nofp/crt0.o (atexit)
/usr/lib/gcc/arm-none-eabi/14.2.0/../../../../arm-none-eabi/lib/thumb/v7-m/nofp/libc_nano.a(libc_a-exit.o)
                              /usr/lib/gcc/arm-none-eabi/14.2.0/../../../../arm-none-eabi/lib/thumb/v7-m/nofp/crt0.o (exit)
/usr/lib/gcc/arm-none-eabi/14.2.0/../../../../arm-none-eabi/lib/thumb/v7-m/nofp/libc_nano.a(libc_a-findfp.o)
                              /usr/lib/gcc/arm-none-eabi/14.2.0/../../../../arm-none-eabi/lib/thumb/v7-m/nofp/libc_nano.a(libc_a-exit.o) (__stdio_exit_handler)
/usr/lib/gcc/arm-none-eabi/14.2.0/../../../../arm-none-eabi/lib/thumb/v7-m/nofp/libc_nano.a(libc_a-fwalk.o)
                              /usr/lib/gcc/arm-none-eabi/14.2.0/../../../../arm-none-eabi/lib/thumb/v7-m/nofp/libc_nano.a(libc_a-findfp.o) (_fwalk_sglue)
/usr/lib/gcc/arm-none-eabi/14.2.0/../../../../arm-none-eabi/lib/thumb/v7-m/nofp/libc_nano.a(libc_a-sprintf.o)
                              build/gps.o (sprintf)
/usr/lib/gcc/arm-none-eabi/14.2.0/../../../../arm-none-eabi/lib/thumb/v7-m/nofp/libc_nano.a(libc_a-sscanf.o)
                              build/gps.o (sscanf)
/usr/lib/gcc/arm-none-eabi/14.2.0/../../../../arm-none-eabi/lib/thumb/v7-m/nofp/libc_nano.a(libc_a-stdio.o)
                              /usr/lib/gcc/arm-none-eabi/14.2.0/../../../../arm-none-eabi/lib/thumb/v7-m/nofp/libc_nano.a(libc_a-findfp.o) (__sread)
/usr/lib/gcc/arm-none-eabi/14.2.0/../../../../arm-none-eabi/lib/thumb/v7-m/nofp/libc_nano.a(libc_a-memset.o)
                              /usr/lib/gcc/arm-none-eabi/14.2.0/../../../../arm-none-eabi/lib/thumb/v7-m/nofp/crt0.o (memset)
/usr/lib/gcc/arm-none-eabi/14.2.0/../../../../arm-none-eabi/lib/thumb/v7-m/nofp/libc_nano.a(libc_a-strncmp.o)
                              build/gps.o (strncmp)
/usr/lib/gcc/arm-none-eabi/14.2.0/../../../../arm-none-eabi/lib/thumb/v7-m/nofp/libc_nano.a(libc_a-closer.o)
                              /usr/lib/gcc/arm-none-eabi/14.2.0/../../../../arm-none-eabi/lib/thumb/v7-m/nofp/libc_nano.a(libc_a-stdio.o) (_close_r)
/usr/lib/gcc/arm-none-eabi/14.2.0/../../../../arm-none-eabi/lib/thumb/v7-m/nofp/libc_nano.a(libc_a-reent.o)
                              /usr/lib/gcc/arm-none-eabi/14.2.0/../../../../arm-none-eabi/lib/thumb/v7-m/nofp/libc_nano.a(libc_a-closer.o) (errno)
/usr/lib/gcc/arm-none-eabi/14.2.0/../../../../arm-none-eabi/lib/thumb/v7-m/nofp/libc_nano.a(libc_a-impure.o)
                              /usr/lib/gcc/arm-none-eabi/14.2.0/../../../../arm-none-eabi/lib/thumb/v7-m/nofp/libc_nano.a(libc_a-sprintf.o) (_impure_ptr)
/usr/lib/gcc/arm-none-eabi/14.2.0/../../../../arm-none-eabi/lib/thumb/v7-m/nofp/libc_nano.a(libc_a-lseekr.o)
                              /usr/lib/gcc/arm-none-eabi/14.2.0/../../../../arm-none-eabi/lib/thumb/v7-m/nofp/libc_nano.a(libc_a-stdio.o) (_lseek_r)
/usr/lib/gcc/arm-none-eabi/14.2.0/../../../../arm-none-eabi/lib/thumb/v7-m/nofp/libc_nano.a(libc_a-readr.o)
                              /usr/lib/gcc/arm-none-eabi/14.2.0/../../../../arm-none-eabi/lib/thumb/v7-m/nofp/libc_nano.a(libc_a-stdio.o) (_read_r)
/usr/lib/gcc/arm-none-eabi/14.2.0/../../../../arm-none-eabi/lib/thumb/v7-m/nofp/libc_nano.a(libc_a-writer.o)
                              /usr/lib/gcc/arm-none-eabi/14.2.0/../../../../arm-none-eabi/lib/thumb/v7-m/nofp/libc_nano.a(libc_a-stdio.o) (_write_r)
/usr/lib/gcc/arm-none-eabi/14.2.0/../../../../arm-none-eabi/lib/thumb/v7-m/nofp/libc_nano.a(libc_a-errno.o)
                              build/sysmem.o (__errno)
/usr/lib/gcc/arm-none-eabi/14.2.0/../../../../arm-none-eabi/lib/thumb/v7-m/nofp/libc_nano.a(libc_a-init.o)
                              /usr/lib/gcc/arm-none-eabi/14.2.0/../../../../arm-none-eabi/lib/thumb/v7-m/nofp/crt0.o (__libc_init_array)
/usr/lib/gcc/arm-none-eabi/14.2.0/../../../../arm-none-eabi/lib/thumb/v7-m/nofp/libc_nano.a(libc_a-fini.o)
                              /usr/lib/gcc/arm-none-eabi/14.2.0/../../../../arm-none-eabi/lib/thumb/v7-m/nofp/crt0.o (__libc_fini_array)
/usr/lib/gcc/arm-none-eabi/14.2.0/../../../../arm-none-eabi/lib/thumb/v7-m/nofp/libc_nano.a(libc_a-lock.o)
                              /usr/lib/gcc/arm-none-eabi/14.2.0/../../../../arm-none-eabi/lib/thumb/v7-m/nofp/libc_nano.a(libc_a-findfp.o) (__retarget_lock_init_recursive)
/usr/lib/gcc/arm-none-eabi/14.2.0/../../../../arm-none-eabi/lib/thumb/v7-m/nofp/libc_nano.a(libc_a-memcpy-stub.o)
                              build/LoRa.o (memcpy)
/usr/lib/gcc/arm-none-eabi/14.2.0/../../../../arm-none-eabi/lib/thumb/v7-m/nofp/libc_nano.a(libc_a-strlen.o)
                              /usr/lib/gcc/arm-none-eabi/14.2.0/../../../../arm-none-eabi/lib/thumb/v7-m/nofp/libc_nano.a(libc_a-sscanf.o) (strlen)
[...]
Memory Configuration

Name             Origin             Length             Attributes
RAM              0x20000000         0x00005000         xrw
FLASH            0x08000000         0x00020000         xr
*default*        0x00000000         0xffffffff

Linker script and memory map

LOAD /usr/lib/gcc/arm-none-eabi/14.2.0/thumb/v7-m/nofp/crti.o
LOAD /usr/lib/gcc/arm-none-eabi/14.2.0/thumb/v7-m/nofp/crtbegin.o
LOAD /usr/lib/gcc/arm-none-eabi/14.2.0/../../../../arm-none-eabi/lib/thumb/v7-m/nofp/crt0.o
LOAD build/main.o
LOAD build/gpio.o
LOAD build/spi.o
LOAD build/usart.o
LOAD build/stm32f1xx_it.o
LOAD build/stm32f1xx_hal_msp.o
LOAD build/stm32f1xx_hal_gpio_ex.o
LOAD build/stm32f1xx_hal_spi.o
LOAD build/stm32f1xx_hal.o
LOAD build/stm32f1xx_hal_rcc.o
LOAD build/stm32f1xx_hal_rcc_ex.o
LOAD build/stm32f1xx_hal_gpio.o
LOAD build/stm32f1xx_hal_dma.o
LOAD build/stm32f1xx_hal_cortex.o
LOAD build/stm32f1xx_hal_pwr.o
LOAD build/stm32f1xx_hal_flash.o
LOAD build/stm32f1xx_hal_flash_ex.o
LOAD build/stm32f1xx_hal_exti.o
LOAD build/stm32f1xx_hal_uart.o
LOAD build/system_stm32f1xx.o
LOAD build/sysmem.o
LOAD build/syscalls.o
LOAD build/i2c.o
LOAD build/stm32f1xx_hal_i2c.o
LOAD build/LoRa.o
LOAD build/ssd1306.o
LOAD build/fonts.o
LOAD build/gps.o
LOAD build/startup_stm32f103xb.o
LOAD /usr/lib/gcc/arm-none-eabi/14.2.0/../../../../arm-none-eabi/lib/thumb/v7-m/nofp/libc_nano.a
LOAD /usr/lib/gcc/arm-none-eabi/14.2.0/../../../../arm-none-eabi/lib/thumb/v7-m/nofp/libm.a
LOAD /usr/lib/gcc/arm-none-eabi/14.2.0/../../../../arm-none-eabi/lib/thumb/v7-m/nofp/libnosys.a
START GROUP
LOAD /usr/lib/gcc/arm-none-eabi/14.2.0/thumb/v7-m/nofp/libgcc.a
LOAD /usr/lib/gcc/arm-none-eabi/14.2.0/../../../../arm-none-eabi/lib/thumb/v7-m/nofp/libc_nano.a
END GROUP
START GROUP
LOAD /usr/lib/gcc/arm-none-eabi/14.2.0/thumb/v7-m/nofp/libgcc.a
LOAD /usr/lib/gcc/arm-none-eabi/14.2.0/../../../../arm-none-eabi/lib/thumb/v7-m/nofp/libc_nano.a
END GROUP
LOAD /usr/lib/gcc/arm-none-eabi/14.2.0/thumb/v7-m/nofp/crtend.o
LOAD /usr/lib/gcc/arm-none-eabi/14.2.0/thumb/v7-m/nofp/crtn.o
                0x20005000                        _estack = (ORIGIN (RAM) + LENGTH (RAM))
                0x00000200                        _Min_Heap_Size = 0x200
                0x00000400                        _Min_Stack_Size = 0x400

.isr_vector     0x08000000      0x10c
                0x08000000                        . = ALIGN (0x4)
 *(.isr_vector)
 .isr_vector    0x08000000      0x10c build/startup_stm32f103xb.o
                0x08000000                g_pfnVectors
                0x0800010c                        . = ALIGN (0x4)

.text           0x0800010c     0x318c
                0x0800010c                        . = ALIGN (0x4)
 *(.text)
 .text          0x0800010c      0x378 /usr/lib/gcc/arm-none-eabi/14.2.0/thumb/v7-m/nofp/libgcc.a(_arm_addsubdf3.o)
                0x0800010c                __aeabi_drsub
                0x08000114                __aeabi_dsub
                0x08000114                __subdf3
                0x08000118                __adddf3
                0x08000118                __aeabi_dadd
                0x08000390                __aeabi_ui2d
                0x08000390                __floatunsidf
                0x080003b0                __floatsidf
                0x080003b0                __aeabi_i2d
                0x080003d4                __extendsfdf2
                0x080003d4                __aeabi_f2d
                0x08000418                __aeabi_ul2d
                0x08000418                __floatundidf
                0x08000428                __floatdidf
                0x08000428                __aeabi_l2d
 .text          0x08000484      0x424 /usr/lib/gcc/arm-none-eabi/14.2.0/thumb/v7-m/nofp/libgcc.a(_arm_muldivdf3.o)
                0x08000484                __aeabi_dmul
                0x08000484                __muldf3
                0x080006d8                __aeabi_ddiv
                0x080006d8                __divdf3
 .text          0x080008a8       0x50 /usr/lib/gcc/arm-none-eabi/14.2.0/thumb/v7-m/nofp/libgcc.a(_arm_fixdfsi.o)
                0x080008a8                __fixdfsi
                0x080008a8                __aeabi_d2iz
 *(.text*)
 .text.__do_global_dtors_aux
                0x080008f8       0x24 /usr/lib/gcc/arm-none-eabi/14.2.0/thumb/v7-m/nofp/crtbegin.o
 .text.frame_dummy
                0x0800091c       0x1c /usr/lib/gcc/arm-none-eabi/14.2.0/thumb/v7-m/nofp/crtbegin.o
 .text.Error_Handler
                0x08000938        0x4 build/main.o
                0x08000938                Error_Handler
 .text.SystemClock_Config
                0x0800093c       0x64 build/main.o
                0x0800093c                SystemClock_Config
 .text.main     0x080009a0      0x178 build/main.o
                0x080009a0                main
 .text.MX_GPIO_Init
                0x08000b18       0xd0 build/gpio.o
                0x08000b18                MX_GPIO_Init
 .text.MX_SPI1_Init
                0x08000be8       0x44 build/spi.o
                0x08000be8                MX_SPI1_Init
 .text.HAL_SPI_MspInit
                0x08000c2c       0x78 build/spi.o
                0x08000c2c                HAL_SPI_MspInit
 .text.MX_USART1_UART_Init
                0x08000ca4       0x34 build/usart.o
                0x08000ca4                MX_USART1_UART_Init
 .text.MX_USART2_UART_Init
                0x08000cd8       0x34 build/usart.o
                0x08000cd8                MX_USART2_UART_Init
 .text.HAL_UART_MspInit
                0x08000d0c       0xc0 build/usart.o
                0x08000d0c                HAL_UART_MspInit
 .text.NMI_Handler
                0x08000dcc        0x2 build/stm32f1xx_it.o
                0x08000dcc                NMI_Handler
 .text.HardFault_Handler
                0x08000dce        0x2 build/stm32f1xx_it.o
                0x08000dce                HardFault_Handler
 .text.MemManage_Handler
                0x08000dd0        0x2 build/stm32f1xx_it.o
                0x08000dd0                MemManage_Handler
 .text.BusFault_Handler
                0x08000dd2        0x2 build/stm32f1xx_it.o
                0x08000dd2                BusFault_Handler
 .text.UsageFault_Handler
                0x08000dd4        0x2 build/stm32f1xx_it.o
                0x08000dd4                UsageFault_Handler
 .text.SVC_Handler
                0x08000dd6        0x2 build/stm32f1xx_it.o
                0x08000dd6                SVC_Handler
 .text.DebugMon_Handler
                0x08000dd8        0x2 build/stm32f1xx_it.o
                0x08000dd8                DebugMon_Handler
 .text.PendSV_Handler
                0x08000dda        0x2 build/stm32f1xx_it.o
                0x08000dda                PendSV_Handler
 .text.SysTick_Handler
                0x08000ddc        0x8 build/stm32f1xx_it.o
                0x08000ddc                SysTick_Handler
 .text.EXTI15_10_IRQHandler
                0x08000de4        0xc build/stm32f1xx_it.o
                0x08000de4                EXTI15_10_IRQHandler
 .text.HAL_MspInit
                0x08000df0       0x44 build/stm32f1xx_hal_msp.o
                0x08000df0                HAL_MspInit
 .text.SPI_WaitFlagStateUntilTimeout
                0x08000e34       0xc8 build/stm32f1xx_hal_spi.o
 .text.SPI_EndRxTxTransaction
                0x08000efc       0x44 build/stm32f1xx_hal_spi.o
 .text.SPI_EndRxTransaction
                0x08000f40       0x74 build/stm32f1xx_hal_spi.o
 .text.HAL_SPI_Init
                0x08000fb4       0xb6 build/stm32f1xx_hal_spi.o
                0x08000fb4                HAL_SPI_Init
 .text.HAL_SPI_Transmit
                0x0800106a      0x1c4 build/stm32f1xx_hal_spi.o
                0x0800106a                HAL_SPI_Transmit
 .text.HAL_SPI_TransmitReceive
                0x0800122e      0x252 build/stm32f1xx_hal_spi.o
                0x0800122e                HAL_SPI_TransmitReceive
 .text.HAL_SPI_Receive
                0x08001480      0x188 build/stm32f1xx_hal_spi.o
                0x08001480                HAL_SPI_Receive
 .text.HAL_SPI_GetState
                0x08001608        0x6 build/stm32f1xx_hal_spi.o
                0x08001608                HAL_SPI_GetState
 *fill*         0x0800160e        0x2 
 .text.HAL_InitTick
                0x08001610       0x4c build/stm32f1xx_hal.o
                0x08001610                HAL_InitTick
 .text.HAL_Init
                0x0800165c       0x24 build/stm32f1xx_hal.o
                0x0800165c                HAL_Init
 .text.HAL_IncTick
                0x08001680       0x18 build/stm32f1xx_hal.o
                0x08001680                HAL_IncTick
 .text.HAL_GetTick
                0x08001698        0xc build/stm32f1xx_hal.o
                0x08001698                HAL_GetTick
 .text.HAL_Delay
                0x080016a4       0x28 build/stm32f1xx_hal.o
                0x080016a4                HAL_Delay
 .text.RCC_Delay
                0x080016cc       0x2c build/stm32f1xx_hal_rcc.o
 .text.HAL_RCC_OscConfig
                0x080016f8      0x410 build/stm32f1xx_hal_rcc.o
                0x080016f8                HAL_RCC_OscConfig
 .text.HAL_RCC_GetSysClockFreq
                0x08001b08       0x54 build/stm32f1xx_hal_rcc.o
                0x08001b08                HAL_RCC_GetSysClockFreq
 .text.HAL_RCC_ClockConfig
                0x08001b5c      0x16c build/stm32f1xx_hal_rcc.o
                0x08001b5c                HAL_RCC_ClockConfig
 .text.HAL_RCC_GetHCLKFreq
                0x08001cc8        0xc build/stm32f1xx_hal_rcc.o
                0x08001cc8                HAL_RCC_GetHCLKFreq
 .text.HAL_RCC_GetPCLK1Freq
                0x08001cd4       0x20 build/stm32f1xx_hal_rcc.o
                0x08001cd4                HAL_RCC_GetPCLK1Freq
 .text.HAL_RCC_GetPCLK2Freq
                0x08001cf4       0x20 build/stm32f1xx_hal_rcc.o
                0x08001cf4                HAL_RCC_GetPCLK2Freq
 .text.HAL_GPIO_Init
                0x08001d14      0x214 build/stm32f1xx_hal_gpio.o
                0x08001d14                HAL_GPIO_Init
 .text.HAL_GPIO_WritePin
                0x08001f28        0xc build/stm32f1xx_hal_gpio.o
                0x08001f28                HAL_GPIO_WritePin
 .text.HAL_GPIO_TogglePin
                0x08001f34       0x12 build/stm32f1xx_hal_gpio.o
                0x08001f34                HAL_GPIO_TogglePin
 .text.HAL_GPIO_EXTI_Callback
                0x08001f46        0x2 build/stm32f1xx_hal_gpio.o
                0x08001f46                HAL_GPIO_EXTI_Callback
 .text.HAL_GPIO_EXTI_IRQHandler
                0x08001f48       0x1c build/stm32f1xx_hal_gpio.o
                0x08001f48                HAL_GPIO_EXTI_IRQHandler
 .text.__NVIC_SetPriority
                0x08001f64       0x28 build/stm32f1xx_hal_cortex.o
 .text.NVIC_EncodePriority
                0x08001f8c       0x3e build/stm32f1xx_hal_cortex.o
 *fill*         0x08001fca        0x2 
 .text.HAL_NVIC_SetPriorityGrouping
                0x08001fcc       0x24 build/stm32f1xx_hal_cortex.o
                0x08001fcc                HAL_NVIC_SetPriorityGrouping
 .text.HAL_NVIC_SetPriority
                0x08001ff0       0x20 build/stm32f1xx_hal_cortex.o
                0x08001ff0                HAL_NVIC_SetPriority
 .text.HAL_NVIC_EnableIRQ
                0x08002010       0x1c build/stm32f1xx_hal_cortex.o
                0x08002010                HAL_NVIC_EnableIRQ
 .text.HAL_SYSTICK_Config
                0x0800202c       0x28 build/stm32f1xx_hal_cortex.o
                0x0800202c                HAL_SYSTICK_Config
 .text.UART_EndRxTransfer
                0x08002054       0x5c build/stm32f1xx_hal_uart.o
 .text.UART_SetConfig
                0x080020b0       0x94 build/stm32f1xx_hal_uart.o
 .text.UART_WaitOnFlagUntilTimeout
                0x08002144       0x86 build/stm32f1xx_hal_uart.o
 .text.HAL_UART_Init
                0x080021ca       0x60 build/stm32f1xx_hal_uart.o
                0x080021ca                HAL_UART_Init
 .text.HAL_UART_Transmit
                0x0800222a       0xca build/stm32f1xx_hal_uart.o
                0x0800222a                HAL_UART_Transmit
 .text.SystemInit
                0x080022f4        0x2 build/system_stm32f1xx.o
                0x080022f4                SystemInit
 *fill*         0x080022f6        0x2 
 .text.MX_I2C1_Init
                0x080022f8       0x3c build/i2c.o
                0x080022f8                MX_I2C1_Init
 .text.HAL_I2C_MspInit
                0x08002334       0x78 build/i2c.o
                0x08002334                HAL_I2C_MspInit
 .text.I2C_IsAcknowledgeFailed
                0x080023ac       0x32 build/stm32f1xx_hal_i2c.o
 .text.I2C_WaitOnFlagUntilTimeout
                0x080023de       0xaa build/stm32f1xx_hal_i2c.o
 .text.I2C_WaitOnMasterAddressFlagUntilTimeout
                0x08002488       0xd6 build/stm32f1xx_hal_i2c.o
 .text.I2C_WaitOnTXEFlagUntilTimeout
                0x0800255e       0x5e build/stm32f1xx_hal_i2c.o
 .text.I2C_RequestMemoryWrite
                0x080025bc       0xd8 build/stm32f1xx_hal_i2c.o
 .text.I2C_WaitOnBTFFlagUntilTimeout
                0x08002694       0x5e build/stm32f1xx_hal_i2c.o
 *fill*         0x080026f2        0x2 
 .text.HAL_I2C_Init
                0x080026f4      0x1bc build/stm32f1xx_hal_i2c.o
                0x080026f4                HAL_I2C_Init
 .text.HAL_I2C_Mem_Write
                0x080028b0      0x160 build/stm32f1xx_hal_i2c.o
                0x080028b0                HAL_I2C_Mem_Write
 .text.LoRa_readReg
                0x08002a10       0x52 build/LoRa.o
                0x08002a10                LoRa_readReg
 .text.LoRa_writeReg
                0x08002a62       0x52 build/LoRa.o
                0x08002a62                LoRa_writeReg
 .text.LoRa_read
                0x08002ab4       0x26 build/LoRa.o
                0x08002ab4                LoRa_read
 .text.LoRa_write
                0x08002ada       0x26 build/LoRa.o
                0x08002ada                LoRa_write
 .text.LoRa_gotoMode
                0x08002b00       0x70 build/LoRa.o
                0x08002b00                LoRa_gotoMode
 .text.LoRa_setLowDaraRateOptimization
                0x08002b70       0x2a build/LoRa.o
                0x08002b70                LoRa_setLowDaraRateOptimization
 *fill*         0x08002b9a        0x2 
 .text.LoRa_setAutoLDO
                0x08002b9c       0x4c build/LoRa.o
                0x08002b9c                LoRa_setAutoLDO
 .text.LoRa_setFrequency
                0x08002be8       0x3c build/LoRa.o
                0x08002be8                LoRa_setFrequency
 .text.LoRa_setSpreadingFactor
                0x08002c24       0x46 build/LoRa.o
                0x08002c24                LoRa_setSpreadingFactor
 .text.LoRa_setPower
                0x08002c6a       0x12 build/LoRa.o
                0x08002c6a                LoRa_setPower
 .text.LoRa_setOCP
                0x08002c7c       0x54 build/LoRa.o
                0x08002c7c                LoRa_setOCP
 .text.LoRa_setTOMsb_setCRCon
                0x08002cd0       0x20 build/LoRa.o
                0x08002cd0                LoRa_setTOMsb_setCRCon
 .text.LoRa_BurstWrite
                0x08002cf0       0x5c build/LoRa.o
                0x08002cf0                LoRa_BurstWrite
 .text.LoRa_isvalid
                0x08002d4c        0x4 build/LoRa.o
                0x08002d4c                LoRa_isvalid
 .text.LoRa_transmit
                0x08002d50       0x88 build/LoRa.o
                0x08002d50                LoRa_transmit
 .text.LoRa_init
                0x08002dd8       0xfc build/LoRa.o
                0x08002dd8                LoRa_init
 .text.ssd1306_WriteCommand
                0x08002ed4       0x2c build/ssd1306.o
                0x08002ed4                ssd1306_WriteCommand
 .text.ssd1306_WriteData
                0x08002f00       0x28 build/ssd1306.o
                0x08002f00                ssd1306_WriteData
 .text.ssd1306_Fill
                0x08002f28       0x1c build/ssd1306.o
                0x08002f28                ssd1306_Fill
 .text.ssd1306_UpdateScreen
                0x08002f44       0x38 build/ssd1306.o
                0x08002f44                ssd1306_UpdateScreen
 .text.ssd1306_DrawPixel
                0x08002f7c       0x4c build/ssd1306.o
                0x08002f7c                ssd1306_DrawPixel
 .text.ssd1306_WriteChar
                0x08002fc8       0xc0 build/ssd1306.o
                0x08002fc8                ssd1306_WriteChar
 .text.ssd1306_WriteString
                0x08003088       0x30 build/ssd1306.o
                0x08003088                ssd1306_WriteString
 .text.ssd1306_SetCursor
                0x080030b8        0xc build/ssd1306.o
                0x080030b8                ssd1306_SetCursor
 .text.ssd1306_SetContrast
                0x080030c4       0x12 build/ssd1306.o
                0x080030c4                ssd1306_SetContrast
 *fill*         0x080030d6        0x2 
 .text.ssd1306_SetDisplayOn
                0x080030d8       0x20 build/ssd1306.o
                0x080030d8                ssd1306_SetDisplayOn
 .text.ssd1306_Init
                0x080030f8       0xc8 build/ssd1306.o
                0x080030f8                ssd1306_Init
 .text.Reset_Handler
                0x080031c0       0x48 build/startup_stm32f103xb.o
                0x080031c0                Reset_Handler
 .text.Default_Handler
                0x08003208        0x2 build/startup_stm32f103xb.o
                0x08003208                RTC_Alarm_IRQHandler
                0x08003208                EXTI2_IRQHandler
                0x08003208                TIM1_CC_IRQHandler
                0x08003208                PVD_IRQHandler
                0x08003208                EXTI3_IRQHandler
                0x08003208                EXTI0_IRQHandler
                0x08003208                I2C2_EV_IRQHandler
                0x08003208                ADC1_2_IRQHandler
                0x08003208                SPI1_IRQHandler
                0x08003208                TAMPER_IRQHandler
                0x08003208                DMA1_Channel4_IRQHandler
                0x08003208                USART3_IRQHandler
                0x08003208                RTC_IRQHandler
                0x08003208                DMA1_Channel7_IRQHandler
                0x08003208                CAN1_RX1_IRQHandler
                0x08003208                TIM4_IRQHandler
                0x08003208                I2C1_EV_IRQHandler
                0x08003208                DMA1_Channel6_IRQHandler
                0x08003208                TIM3_IRQHandler
                0x08003208                RCC_IRQHandler
                0x08003208                TIM1_TRG_COM_IRQHandler
                0x08003208                DMA1_Channel1_IRQHandler
                0x08003208                Default_Handler
                0x08003208                EXTI9_5_IRQHandler
                0x08003208                SPI2_IRQHandler
                0x08003208                DMA1_Channel5_IRQHandler
                0x08003208                EXTI4_IRQHandler
                0x08003208                USB_LP_CAN1_RX0_IRQHandler
                0x08003208                USB_HP_CAN1_TX_IRQHandler
                0x08003208                DMA1_Channel3_IRQHandler
                0x08003208                TIM1_UP_IRQHandler
                0x08003208                WWDG_IRQHandler
                0x08003208                TIM2_IRQHandler
                0x08003208                TIM1_BRK_IRQHandler
                0x08003208                EXTI1_IRQHandler
                0x08003208                USART2_IRQHandler
                0x08003208                I2C2_ER_IRQHandler
                0x08003208                DMA1_Channel2_IRQHandler
                0x08003208                CAN1_SCE_IRQHandler
                0x08003208                FLASH_IRQHandler
                0x08003208                USART1_IRQHandler
                0x08003208                I2C1_ER_IRQHandler
                0x08003208                USBWakeUp_IRQHandler
 .text.memset   0x0800320a       0x10 /usr/lib/gcc/arm-none-eabi/14.2.0/../../../../arm-none-eabi/lib/thumb/v7-m/nofp/libc_nano.a(libc_a-memset.o)
                0x0800320a                memset
 *fill*         0x0800321a        0x2 
 .text.__libc_init_array
                0x0800321c       0x48 /usr/lib/gcc/arm-none-eabi/14.2.0/../../../../arm-none-eabi/lib/thumb/v7-m/nofp/libc_nano.a(libc_a-init.o)
                0x0800321c                __libc_init_array
 .text.memcpy   0x08003264       0x1c /usr/lib/gcc/arm-none-eabi/14.2.0/../../../../arm-none-eabi/lib/thumb/v7-m/nofp/libc_nano.a(libc_a-memcpy-stub.o)
                0x08003264                memcpy
 *(.glue_7)
 .glue_7        0x08003280        0x0 linker stubs
 *(.glue_7t)
 .glue_7t       0x08003280        0x0 linker stubs
 *(.eh_frame)
 .eh_frame      0x08003280        0x0 /usr/lib/gcc/arm-none-eabi/14.2.0/thumb/v7-m/nofp/crtbegin.o
 *(.init)
 .init          0x08003280        0x4 /usr/lib/gcc/arm-none-eabi/14.2.0/thumb/v7-m/nofp/crti.o
                0x08003280                _init
 .init          0x08003284        0x8 /usr/lib/gcc/arm-none-eabi/14.2.0/thumb/v7-m/nofp/crtn.o
 *(.fini)
 .fini          0x0800328c        0x4 /usr/lib/gcc/arm-none-eabi/14.2.0/thumb/v7-m/nofp/crti.o
                0x0800328c                _fini
 .fini          0x08003290        0x8 /usr/lib/gcc/arm-none-eabi/14.2.0/thumb/v7-m/nofp/crtn.o
                0x08003298                        . = ALIGN (0x4)
                0x08003298                        _etext = .

.vfp11_veneer   0x08003298        0x0
 .vfp11_veneer  0x08003298        0x0 linker stubs

.v4_bx          0x08003298        0x0
 .v4_bx         0x08003298        0x0 linker stubs

.iplt           0x08003298        0x0
 .iplt          0x08003298        0x0 /usr/lib/gcc/arm-none-eabi/14.2.0/thumb/v7-m/nofp/crtbegin.o

.rodata         0x08003298      0xe4c
                0x08003298                        . = ALIGN (0x4)
 *(.rodata)
 .rodata        0x08003298       0x50 build/LoRa.o
 *(.rodata*)
 .rodata.main.str1.4
                0x080032e8       0x66 build/main.o
 *fill*         0x0800334e        0x2 
 .rodata.aPredivFactorTable.0
                0x08003350        0x2 build/stm32f1xx_hal_rcc.o
 *fill*         0x08003352        0x2 
 .rodata.aPLLMULFactorTable.1
                0x08003354       0x10 build/stm32f1xx_hal_rcc.o
 .rodata.APBPrescTable
                0x08003364        0x8 build/system_stm32f1xx.o
                0x08003364                APBPrescTable
 .rodata.AHBPrescTable
                0x0800336c       0x10 build/system_stm32f1xx.o
                0x0800336c                AHBPrescTable
 .rodata.Font_11x18
                0x0800337c        0xc build/fonts.o
                0x0800337c                Font_11x18
 .rodata.Font11x18
                0x08003388      0xd5c build/fonts.o
                0x080040e4                        . = ALIGN (0x4)

.ARM.extab      0x080040e4        0x0
                0x080040e4                        . = ALIGN (0x4)
 *(.ARM.extab* .gnu.linkonce.armextab.*)
                0x080040e4                        . = ALIGN (0x4)

.ARM            0x080040e4        0x0
                0x080040e4                        . = ALIGN (0x4)
                0x080040e4                        __exidx_start = .
 *(.ARM.exidx*)
                0x080040e4                        __exidx_end = .
                0x080040e4                        . = ALIGN (0x4)

.preinit_array  0x080040e4        0x0
                0x080040e4                        . = ALIGN (0x4)
                0x080040e4                        PROVIDE (__preinit_array_start = .)
 *(.preinit_array*)
                0x080040e4                        PROVIDE (__preinit_array_end = .)
                0x080040e4                        . = ALIGN (0x4)

.init_array     0x080040e4        0x4
                0x080040e4                        . = ALIGN (0x4)
                0x080040e4                        PROVIDE (__init_array_start = .)
 *(SORT_BY_NAME(.init_array.*))
 *(.init_array*)
 .init_array    0x080040e4        0x4 /usr/lib/gcc/arm-none-eabi/14.2.0/thumb/v7-m/nofp/crtbegin.o
                0x080040e8                        PROVIDE (__init_array_end = .)
                0x080040e8                        . = ALIGN (0x4)

.fini_array     0x080040e8        0x4
                0x080040e8                        . = ALIGN (0x4)
                0x080040e8                        PROVIDE (__fini_array_start = .)
 *(SORT_BY_NAME(.fini_array.*))
 *(.fini_array*)
 .fini_array    0x080040e8        0x4 /usr/lib/gcc/arm-none-eabi/14.2.0/thumb/v7-m/nofp/crtbegin.o
                0x080040ec                        PROVIDE (__fini_array_end = .)
                0x080040ec                        . = ALIGN (0x4)
                0x080040ec                        _sidata = LOADADDR (.data)

.rel.dyn        0x080040ec        0x0
 .rel.iplt      0x080040ec        0x0 /usr/lib/gcc/arm-none-eabi/14.2.0/thumb/v7-m/nofp/crtbegin.o

.data           0x20000000        0xc load address 0x080040ec
                0x20000000                        . = ALIGN (0x4)
                0x20000000                        _sdata = .
 *(.data)
 *(.data*)
 .data.uwTickFreq
                0x20000000        0x1 build/stm32f1xx_hal.o
                0x20000000                uwTickFreq
 *fill*         0x20000001        0x3 
 .data.uwTickPrio
                0x20000004        0x4 build/stm32f1xx_hal.o
                0x20000004                uwTickPrio
 .data.SystemCoreClock
                0x20000008        0x4 build/system_stm32f1xx.o
                0x20000008                SystemCoreClock
 *(.RamFunc)
 *(.RamFunc*)
                0x2000000c                        . = ALIGN (0x4)
                0x2000000c                        _edata = .

.igot.plt       0x2000000c        0x0 load address 0x080040f8
 .igot.plt      0x2000000c        0x0 /usr/lib/gcc/arm-none-eabi/14.2.0/thumb/v7-m/nofp/crtbegin.o
                0x2000000c                        . = ALIGN (0x4)

.bss            0x2000000c      0x590 load address 0x080040f8
                0x2000000c                        _sbss = .
                0x2000000c                        __bss_start__ = _sbss
 *(.bss)
 *(.bss*)
 .bss.completed.1
                0x2000000c        0x1 /usr/lib/gcc/arm-none-eabi/14.2.0/thumb/v7-m/nofp/crtbegin.o
 *fill*         0x2000000d        0x3 
 .bss.object.0  0x20000010       0x18 /usr/lib/gcc/arm-none-eabi/14.2.0/thumb/v7-m/nofp/crtbegin.o
 .bss.lora      0x20000028       0x2c build/main.o
                0x20000028                lora
 .bss.hspi1     0x20000054       0x58 build/spi.o
                0x20000054                hspi1
 .bss.huart2    0x200000ac       0x48 build/usart.o
                0x200000ac                huart2
 .bss.huart1    0x200000f4       0x48 build/usart.o
                0x200000f4                huart1
 .bss.uwTick    0x2000013c        0x4 build/stm32f1xx_hal.o
                0x2000013c                uwTick
 .bss.hi2c1     0x20000140       0x54 build/i2c.o
                0x20000140                hi2c1
 .bss.SSD1306   0x20000194        0x6 build/ssd1306.o
 *fill*         0x2000019a        0x2 
 .bss.SSD1306_Buffer
                0x2000019c      0x400 build/ssd1306.o
 *(COMMON)
                0x2000059c                        . = ALIGN (0x4)
                0x2000059c                        _ebss = .
                0x2000059c                        __bss_end__ = _ebss

._user_heap_stack
                0x2000059c      0x604 load address 0x080040f8
                0x200005a0                        . = ALIGN (0x8)
 *fill*         0x2000059c        0x4 
                [!provide]                        PROVIDE (end = .)
                0x200005a0                        PROVIDE (_end = .)
                0x200007a0                        . = (. + _Min_Heap_Size)
 *fill*         0x200005a0      0x200 
                0x20000ba0                        . = (. + _Min_Stack_Size)
 *fill*         0x200007a0      0x400 
                0x20000ba0                        . = ALIGN (0x8)

/DISCARD/
 libc.a(*)
 libm.a(*)
 libgcc.a(*)
OUTPUT(build/talkie.elf elf32-littlearm)
LOAD linker stubs
LOAD /usr/lib/gcc/arm-none-eabi/14.2.0/../../../../arm-none-eabi/lib/thumb/v7-m/nofp/libc.a
LOAD /usr/lib/gcc/arm-none-eabi/14.2.0/../../../../arm-none-eabi/lib/thumb/v7-m/nofp/libm.a
LOAD /usr/lib/gcc/arm-none-eabi/14.2.0/thumb/v7-m/nofp/libgcc.a

.ARM.attributes
                0x00000000       0x29
 .ARM.attributes
                0x00000000       0x1d /usr/lib/gcc/arm-none-eabi/14.2.0/thumb/v7-m/nofp/crti.o
 .ARM.attributes
                0x0000001d       0x2d /usr/lib/gcc/arm-none-eabi/14.2.0/thumb/v7-m/nofp/crtbegin.o
 .ARM.attributes
                0x0000004a       0x2d build/main.o
 .ARM.attributes
                0x00000077       0x2d build/gpio.o
 .ARM.attributes
                0x000000a4       0x2d build/spi.o
 .ARM.attributes
                0x000000d1       0x2d build/usart.o
 .ARM.attributes
                0x000000fe       0x2d build/stm32f1xx_it.o
 .ARM.attributes
                0x0000012b       0x2d build/stm32f1xx_hal_msp.o
 .ARM.attributes
                0x00000158       0x2d build/stm32f1xx_hal_spi.o
 .ARM.attributes
                0x00000185       0x2d build/stm32f1xx_hal.o
 .ARM.attributes
                0x000001b2       0x2d build/stm32f1xx_hal_rcc.o
 .ARM.attributes
                0x000001df       0x2d build/stm32f1xx_hal_gpio.o
 .ARM.attributes
                0x0000020c       0x2d build/stm32f1xx_hal_cortex.o
 .ARM.attributes
                0x00000239       0x2d build/stm32f1xx_hal_uart.o
 .ARM.attributes
                0x00000266       0x2d build/system_stm32f1xx.o
 .ARM.attributes
                0x00000293       0x2d build/i2c.o
 .ARM.attributes
                0x000002c0       0x2d build/stm32f1xx_hal_i2c.o
 .ARM.attributes
                0x000002ed       0x2d build/LoRa.o
 .ARM.attributes
                0x0000031a       0x2d build/ssd1306.o
 .ARM.attributes
                0x00000347       0x2d build/fonts.o
 .ARM.attributes
                0x00000374       0x21 build/startup_stm32f103xb.o
 .ARM.attributes
                0x00000395       0x2d /usr/lib/gcc/arm-none-eabi/14.2.0/../../../../arm-none-eabi/lib/thumb/v7-m/nofp/libc_nano.a(libc_a-memset.o)
 .ARM.attributes
                0x000003c2       0x2d /usr/lib/gcc/arm-none-eabi/14.2.0/../../../../arm-none-eabi/lib/thumb/v7-m/nofp/libc_nano.a(libc_a-init.o)
 .ARM.attributes
                0x000003ef       0x2d /usr/lib/gcc/arm-none-eabi/14.2.0/../../../../arm-none-eabi/lib/thumb/v7-m/nofp/libc_nano.a(libc_a-memcpy-stub.o)
 .ARM.attributes
                0x0000041c       0x1d /usr/lib/gcc/arm-none-eabi/14.2.0/thumb/v7-m/nofp/libgcc.a(_arm_addsubdf3.o)
 .ARM.attributes
                0x00000439       0x1d /usr/lib/gcc/arm-none-eabi/14.2.0/thumb/v7-m/nofp/libgcc.a(_arm_muldivdf3.o)
 .ARM.attributes
                0x00000456       0x1d /usr/lib/gcc/arm-none-eabi/14.2.0/thumb/v7-m/nofp/libgcc.a(_arm_fixdfsi.o)
 .ARM.attributes
                0x00000473       0x1d /usr/lib/gcc/arm-none-eabi/14.2.0/thumb/v7-m/nofp/crtn.o

.comment        0x00000000       0x1e
 .comment       0x00000000       0x1e build/main.o
                                 0x1f (size before relaxing)
 .comment       0x0000001e       0x1f build/gpio.o
 .comment       0x0000001e       0x1f build/spi.o
 .comment       0x0000001e       0x1f build/usart.o
 .comment       0x0000001e       0x1f build/stm32f1xx_it.o
 .comment       0x0000001e       0x1f build/stm32f1xx_hal_msp.o
 .comment       0x0000001e       0x1f build/stm32f1xx_hal_spi.o
 .comment       0x0000001e       0x1f build/stm32f1xx_hal.o
 .comment       0x0000001e       0x1f build/stm32f1xx_hal_rcc.o
 .comment       0x0000001e       0x1f build/stm32f1xx_hal_gpio.o
 .comment       0x0000001e       0x1f build/stm32f1xx_hal_cortex.o
 .comment       0x0000001e       0x1f build/stm32f1xx_hal_uart.o
 .comment       0x0000001e       0x1f build/system_stm32f1xx.o
 .comment       0x0000001e       0x1f build/i2c.o
 .comment       0x0000001e       0x1f build/stm32f1xx_hal_i2c.o
 .comment       0x0000001e       0x1f build/LoRa.o
 .comment       0x0000001e       0x1f build/ssd1306.o
 .comment       0x0000001e       0x1f build/fonts.o
 .comment       0x0000001e       0x1f /usr/lib/gcc/arm-none-eabi/14.2.0/../../../../arm-none-eabi/lib/thumb/v7-m/nofp/libc_nano.a(libc_a-memset.o)
 .comment       0x0000001e       0x1f /usr/lib/gcc/arm-none-eabi/14.2.0/../../../../arm-none-eabi/lib/thumb/v7-m/nofp/libc_nano.a(libc_a-init.o)
 .comment       0x0000001e       0x1f /usr/lib/gcc/arm-none-eabi/14.2.0/../../../../arm-none-eabi/lib/thumb/v7-m/nofp/libc_nano.a(libc_a-memcpy-stub.o)

.debug_info     0x00000000    0x143f4
 .debug_info    0x00000000     0x11b4 build/main.o
 .debug_info    0x000011b4      0x56e build/gpio.o
 .debug_info    0x00001722      0x971 build/spi.o
 .debug_info    0x00002093      0xa0a build/usart.o
 .debug_info    0x00002a9d      0x1b2 build/stm32f1xx_it.o
 .debug_info    0x00002c4f      0x238 build/stm32f1xx_hal_msp.o
 .debug_info    0x00002e87     0x1e49 build/stm32f1xx_hal_spi.o
 .debug_info    0x00004cd0      0x880 build/stm32f1xx_hal.o
 .debug_info    0x00005550      0xb10 build/stm32f1xx_hal_rcc.o
 .debug_info    0x00006060      0x6d7 build/stm32f1xx_hal_gpio.o
 .debug_info    0x00006737      0xe3f build/stm32f1xx_hal_cortex.o
 .debug_info    0x00007576     0x430f build/stm32f1xx_hal_uart.o
 .debug_info    0x0000b885      0x26e build/system_stm32f1xx.o
 .debug_info    0x0000baf3      0xa37 build/i2c.o
 .debug_info    0x0000c52a     0x3d27 build/stm32f1xx_hal_i2c.o
 .debug_info    0x00010251     0x1a56 build/LoRa.o
 .debug_info    0x00011ca7     0x1fd0 build/ssd1306.o
 .debug_info    0x00013c77      0x2db build/fonts.o
 .debug_info    0x00013f52       0x30 build/startup_stm32f103xb.o
 .debug_info    0x00013f82       0xe0 /usr/lib/gcc/arm-none-eabi/14.2.0/../../../../arm-none-eabi/lib/thumb/v7-m/nofp/libc_nano.a(libc_a-memset.o)
 .debug_info    0x00014062      0x10b /usr/lib/gcc/arm-none-eabi/14.2.0/../../../../arm-none-eabi/lib/thumb/v7-m/nofp/libc_nano.a(libc_a-init.o)
 .debug_info    0x0001416d      0x121 /usr/lib/gcc/arm-none-eabi/14.2.0/../../../../arm-none-eabi/lib/thumb/v7-m/nofp/libc_nano.a(libc_a-memcpy-stub.o)
 .debug_info    0x0001428e       0xd3 /usr/lib/gcc/arm-none-eabi/14.2.0/thumb/v7-m/nofp/libgcc.a(_arm_addsubdf3.o)
 .debug_info    0x00014361       0x57 /usr/lib/gcc/arm-none-eabi/14.2.0/thumb/v7-m/nofp/libgcc.a(_arm_muldivdf3.o)
 .debug_info    0x000143b8       0x3c /usr/lib/gcc/arm-none-eabi/14.2.0/thumb/v7-m/nofp/libgcc.a(_arm_fixdfsi.o)

.debug_abbrev   0x00000000     0x2b98
 .debug_abbrev  0x00000000      0x2a7 build/main.o
 .debug_abbrev  0x000002a7      0x16c build/gpio.o
 .debug_abbrev  0x00000413      0x1fd build/spi.o
 .debug_abbrev  0x00000610      0x1fd build/usart.o
 .debug_abbrev  0x0000080d       0xc2 build/stm32f1xx_it.o
 .debug_abbrev  0x000008cf       0xe7 build/stm32f1xx_hal_msp.o
 .debug_abbrev  0x000009b6      0x2be build/stm32f1xx_hal_spi.o
 .debug_abbrev  0x00000c74      0x232 build/stm32f1xx_hal.o
 .debug_abbrev  0x00000ea6      0x2d6 build/stm32f1xx_hal_rcc.o
 .debug_abbrev  0x0000117c      0x222 build/stm32f1xx_hal_gpio.o
 .debug_abbrev  0x0000139e      0x3aa build/stm32f1xx_hal_cortex.o
 .debug_abbrev  0x00001748      0x35f build/stm32f1xx_hal_uart.o
 .debug_abbrev  0x00001aa7      0x140 build/system_stm32f1xx.o
 .debug_abbrev  0x00001be7      0x21c build/i2c.o
 .debug_abbrev  0x00001e03      0x31e build/stm32f1xx_hal_i2c.o
 .debug_abbrev  0x00002121      0x316 build/LoRa.o
 .debug_abbrev  0x00002437      0x3e0 build/ssd1306.o
 .debug_abbrev  0x00002817       0xc4 build/fonts.o
 .debug_abbrev  0x000028db       0x1d build/startup_stm32f103xb.o
 .debug_abbrev  0x000028f8       0x9e /usr/lib/gcc/arm-none-eabi/14.2.0/../../../../arm-none-eabi/lib/thumb/v7-m/nofp/libc_nano.a(libc_a-memset.o)
 .debug_abbrev  0x00002996       0xc9 /usr/lib/gcc/arm-none-eabi/14.2.0/../../../../arm-none-eabi/lib/thumb/v7-m/nofp/libc_nano.a(libc_a-init.o)
 .debug_abbrev  0x00002a5f       0xc1 /usr/lib/gcc/arm-none-eabi/14.2.0/../../../../arm-none-eabi/lib/thumb/v7-m/nofp/libc_nano.a(libc_a-memcpy-stub.o)
 .debug_abbrev  0x00002b20       0x28 /usr/lib/gcc/arm-none-eabi/14.2.0/thumb/v7-m/nofp/libgcc.a(_arm_addsubdf3.o)
 .debug_abbrev  0x00002b48       0x28 /usr/lib/gcc/arm-none-eabi/14.2.0/thumb/v7-m/nofp/libgcc.a(_arm_muldivdf3.o)
 .debug_abbrev  0x00002b70       0x28 /usr/lib/gcc/arm-none-eabi/14.2.0/thumb/v7-m/nofp/libgcc.a(_arm_fixdfsi.o)

.debug_loc      0x00000000    0x111c6
 .debug_loc     0x00000000       0xa2 build/main.o
 .debug_loc     0x000000a2       0x38 build/gpio.o
 .debug_loc     0x000000da      0x120 build/spi.o
 .debug_loc     0x000001fa      0x186 build/usart.o
 .debug_loc     0x00000380       0x40 build/stm32f1xx_it.o
 .debug_loc     0x000003c0       0x41 build/stm32f1xx_hal_msp.o
 .debug_loc     0x00000401     0x2554 build/stm32f1xx_hal_spi.o
 .debug_loc     0x00002955      0x1f9 build/stm32f1xx_hal.o
 .debug_loc     0x00002b4e      0x7c6 build/stm32f1xx_hal_rcc.o
 .debug_loc     0x00003314      0x55f build/stm32f1xx_hal_gpio.o
 .debug_loc     0x00003873      0x8b4 build/stm32f1xx_hal_cortex.o
 .debug_loc     0x00004127     0x506e build/stm32f1xx_hal_uart.o
 .debug_loc     0x00009195      0x11b build/system_stm32f1xx.o
 .debug_loc     0x000092b0      0x140 build/i2c.o
 .debug_loc     0x000093f0     0x545e build/stm32f1xx_hal_i2c.o
 .debug_loc     0x0000e84e      0xe36 build/LoRa.o
 .debug_loc     0x0000f684     0x1b42 build/ssd1306.o

.debug_aranges  0x00000000      0xd50
 .debug_aranges
                0x00000000       0x30 build/main.o
 .debug_aranges
                0x00000030       0x20 build/gpio.o
 .debug_aranges
                0x00000050       0x30 build/spi.o
 .debug_aranges
                0x00000080       0x38 build/usart.o
 .debug_aranges
                0x000000b8       0x68 build/stm32f1xx_it.o
 .debug_aranges
                0x00000120       0x20 build/stm32f1xx_hal_msp.o
 .debug_aranges
                0x00000140      0x1d0 build/stm32f1xx_hal_spi.o
 .debug_aranges
                0x00000310       0xe0 build/stm32f1xx_hal.o
 .debug_aranges
                0x000003f0       0x90 build/stm32f1xx_hal_rcc.o
 .debug_aranges
                0x00000480       0x58 build/stm32f1xx_hal_gpio.o
 .debug_aranges
                0x000004d8       0xc0 build/stm32f1xx_hal_cortex.o
 .debug_aranges
                0x00000598      0x208 build/stm32f1xx_hal_uart.o
 .debug_aranges
                0x000007a0       0x28 build/system_stm32f1xx.o
 .debug_aranges
                0x000007c8       0x30 build/i2c.o
 .debug_aranges
                0x000007f8      0x2a8 build/stm32f1xx_hal_i2c.o
 .debug_aranges
                0x00000aa0       0xc8 build/LoRa.o
 .debug_aranges
                0x00000b68       0xe8 build/ssd1306.o
 .debug_aranges
                0x00000c50       0x18 build/fonts.o
 .debug_aranges
                0x00000c68       0x28 build/startup_stm32f103xb.o
 .debug_aranges
                0x00000c90       0x20 /usr/lib/gcc/arm-none-eabi/14.2.0/../../../../arm-none-eabi/lib/thumb/v7-m/nofp/libc_nano.a(libc_a-memset.o)
 .debug_aranges
                0x00000cb0       0x20 /usr/lib/gcc/arm-none-eabi/14.2.0/../../../../arm-none-eabi/lib/thumb/v7-m/nofp/libc_nano.a(libc_a-init.o)
 .debug_aranges
                0x00000cd0       0x20 /usr/lib/gcc/arm-none-eabi/14.2.0/../../../../arm-none-eabi/lib/thumb/v7-m/nofp/libc_nano.a(libc_a-memcpy-stub.o)
 .debug_aranges
                0x00000cf0       0x20 /usr/lib/gcc/arm-none-eabi/14.2.0/thumb/v7-m/nofp/libgcc.a(_arm_addsubdf3.o)
 .debug_aranges
                0x00000d10       0x20 /usr/lib/gcc/arm-none-eabi/14.2.0/thumb/v7-m/nofp/libgcc.a(_arm_muldivdf3.o)
 .debug_aranges
                0x00000d30       0x20 /usr/lib/gcc/arm-none-eabi/14.2.0/thumb/v7-m/nofp/libgcc.a(_arm_fixdfsi.o)

.debug_ranges   0x00000000      0xc40
 .debug_ranges  0x00000000       0x20 build/main.o
 .debug_ranges  0x00000020       0x10 build/gpio.o
 .debug_ranges  0x00000030       0x20 build/spi.o
 .debug_ranges  0x00000050       0x28 build/usart.o
 .debug_ranges  0x00000078       0x58 build/stm32f1xx_it.o
 .debug_ranges  0x000000d0       0x10 build/stm32f1xx_hal_msp.o
 .debug_ranges  0x000000e0      0x1c0 build/stm32f1xx_hal_spi.o
 .debug_ranges  0x000002a0       0xd0 build/stm32f1xx_hal.o
 .debug_ranges  0x00000370       0xa0 build/stm32f1xx_hal_rcc.o
 .debug_ranges  0x00000410       0x48 build/stm32f1xx_hal_gpio.o
 .debug_ranges  0x00000458       0xb0 build/stm32f1xx_hal_cortex.o
 .debug_ranges  0x00000508      0x210 build/stm32f1xx_hal_uart.o
 .debug_ranges  0x00000718       0x18 build/system_stm32f1xx.o
 .debug_ranges  0x00000730       0x20 build/i2c.o
 .debug_ranges  0x00000750      0x2b0 build/stm32f1xx_hal_i2c.o
 .debug_ranges  0x00000a00       0xb8 build/LoRa.o
 .debug_ranges  0x00000ab8      0x168 build/ssd1306.o
 .debug_ranges  0x00000c20       0x20 build/startup_stm32f103xb.o

.debug_line     0x00000000     0xf8eb
 .debug_line    0x00000000      0x42b build/main.o
 .debug_line    0x0000042b      0x1ae build/gpio.o
 .debug_line    0x000005d9      0x29a build/spi.o
 .debug_line    0x00000873      0x331 build/usart.o
 .debug_line    0x00000ba4      0x1d1 build/stm32f1xx_it.o
 .debug_line    0x00000d75      0x104 build/stm32f1xx_hal_msp.o
 .debug_line    0x00000e79     0x2342 build/stm32f1xx_hal_spi.o
 .debug_line    0x000031bb      0x4b6 build/stm32f1xx_hal.o
 .debug_line    0x00003671      0xc40 build/stm32f1xx_hal_rcc.o
 .debug_line    0x000042b1      0x551 build/stm32f1xx_hal_gpio.o
 .debug_line    0x00004802      0x62f build/stm32f1xx_hal_cortex.o
 .debug_line    0x00004e31     0x3412 build/stm32f1xx_hal_uart.o
 .debug_line    0x00008243      0x1cd build/system_stm32f1xx.o
 .debug_line    0x00008410      0x275 build/i2c.o
 .debug_line    0x00008685     0x553e build/stm32f1xx_hal_i2c.o
 .debug_line    0x0000dbc3      0x7c2 build/LoRa.o
 .debug_line    0x0000e385      0xd19 build/ssd1306.o
 .debug_line    0x0000f09e       0xb8 build/fonts.o
 .debug_line    0x0000f156       0x71 build/startup_stm32f103xb.o
 .debug_line    0x0000f1c7      0x123 /usr/lib/gcc/arm-none-eabi/14.2.0/../../../../arm-none-eabi/lib/thumb/v7-m/nofp/libc_nano.a(libc_a-memset.o)
 .debug_line    0x0000f2ea      0x116 /usr/lib/gcc/arm-none-eabi/14.2.0/../../../../arm-none-eabi/lib/thumb/v7-m/nofp/libc_nano.a(libc_a-init.o)
 .debug_line    0x0000f400      0x196 /usr/lib/gcc/arm-none-eabi/14.2.0/../../../../arm-none-eabi/lib/thumb/v7-m/nofp/libc_nano.a(libc_a-memcpy-stub.o)
 .debug_line    0x0000f596      0x16f /usr/lib/gcc/arm-none-eabi/14.2.0/thumb/v7-m/nofp/libgcc.a(_arm_addsubdf3.o)
 .debug_line    0x0000f705      0x184 /usr/lib/gcc/arm-none-eabi/14.2.0/thumb/v7-m/nofp/libgcc.a(_arm_muldivdf3.o)
 .debug_line    0x0000f889       0x62 /usr/lib/gcc/arm-none-eabi/14.2.0/thumb/v7-m/nofp/libgcc.a(_arm_fixdfsi.o)

.debug_str      0x00000000     0x39c3
 .debug_str     0x00000000     0x39c3 build/main.o
                                0xabf (size before relaxing)
 .debug_str     0x000039c3      0x548 build/gpio.o
 .debug_str     0x000039c3      0x653 build/spi.o
 .debug_str     0x000039c3      0x6a3 build/usart.o
 .debug_str     0x000039c3      0x21a build/stm32f1xx_it.o
 .debug_str     0x000039c3      0x1d5 build/stm32f1xx_hal_msp.o
 .debug_str     0x000039c3      0xb17 build/stm32f1xx_hal_spi.o
 .debug_str     0x000039c3      0x7e4 build/stm32f1xx_hal.o
 .debug_str     0x000039c3      0x5e1 build/stm32f1xx_hal_rcc.o
 .debug_str     0x000039c3      0x3b6 build/stm32f1xx_hal_gpio.o
 .debug_str     0x000039c3      0x889 build/stm32f1xx_hal_cortex.o
 .debug_str     0x000039c3      0xcaa build/stm32f1xx_hal_uart.o
 .debug_str     0x000039c3      0x20a build/system_stm32f1xx.o
 .debug_str     0x000039c3      0x72a build/i2c.o
 .debug_str     0x000039c3      0xf7b build/stm32f1xx_hal_i2c.o
 .debug_str     0x000039c3      0x8c9 build/LoRa.o
 .debug_str     0x000039c3      0xaf1 build/ssd1306.o
 .debug_str     0x000039c3      0x203 build/fonts.o
 .debug_str     0x000039c3       0x48 build/startup_stm32f103xb.o
 .debug_str     0x000039c3      0x1b7 /usr/lib/gcc/arm-none-eabi/14.2.0/../../../../arm-none-eabi/lib/thumb/v7-m/nofp/libc_nano.a(libc_a-memset.o)
 .debug_str     0x000039c3      0x218 /usr/lib/gcc/arm-none-eabi/14.2.0/../../../../arm-none-eabi/lib/thumb/v7-m/nofp/libc_nano.a(libc_a-init.o)
 .debug_str     0x000039c3      0x1d5 /usr/lib/gcc/arm-none-eabi/14.2.0/../../../../arm-none-eabi/lib/thumb/v7-m/nofp/libc_nano.a(libc_a-memcpy-stub.o)
 .debug_str     0x000039c3      0x14b /usr/lib/gcc/arm-none-eabi/14.2.0/thumb/v7-m/nofp/libgcc.a(_arm_addsubdf3.o)
 .debug_str     0x000039c3       0xcb /usr/lib/gcc/arm-none-eabi/14.2.0/thumb/v7-m/nofp/libgcc.a(_arm_muldivdf3.o)
 .debug_str     0x000039c3       0xb6 /usr/lib/gcc/arm-none-eabi/14.2.0/thumb/v7-m/nofp/libgcc.a(_arm_fixdfsi.o)

.debug_frame    0x00000000     0x2540
 .debug_frame   0x00000000       0x60 build/main.o
 .debug_frame   0x00000060       0x38 build/gpio.o
 .debug_frame   0x00000098       0x64 build/spi.o
 .debug_frame   0x000000fc       0x7c build/usart.o
 .debug_frame   0x00000178       0xc0 build/stm32f1xx_it.o
 .debug_frame   0x00000238       0x28 build/stm32f1xx_hal_msp.o
 .debug_frame   0x00000260      0x5c0 build/stm32f1xx_hal_spi.o
 .debug_frame   0x00000820      0x1cc build/stm32f1xx_hal.o
 .debug_frame   0x000009ec      0x184 build/stm32f1xx_hal_rcc.o
 .debug_frame   0x00000b70       0xe4 build/stm32f1xx_hal_gpio.o
 .debug_frame   0x00000c54      0x19c build/stm32f1xx_hal_cortex.o
 .debug_frame   0x00000df0      0x5dc build/stm32f1xx_hal_uart.o
 .debug_frame   0x000013cc       0x30 build/system_stm32f1xx.o
 .debug_frame   0x000013fc       0x60 build/i2c.o
 .debug_frame   0x0000145c      0x988 build/stm32f1xx_hal_i2c.o
 .debug_frame   0x00001de4      0x264 build/LoRa.o
 .debug_frame   0x00002048      0x364 build/ssd1306.o
 .debug_frame   0x000023ac       0x20 /usr/lib/gcc/arm-none-eabi/14.2.0/../../../../arm-none-eabi/lib/thumb/v7-m/nofp/libc_nano.a(libc_a-memset.o)
 .debug_frame   0x000023cc       0x2c /usr/lib/gcc/arm-none-eabi/14.2.0/../../../../arm-none-eabi/lib/thumb/v7-m/nofp/libc_nano.a(libc_a-init.o)
 .debug_frame   0x000023f8       0x28 /usr/lib/gcc/arm-none-eabi/14.2.0/../../../../arm-none-eabi/lib/thumb/v7-m/nofp/libc_nano.a(libc_a-memcpy-stub.o)
 .debug_frame   0x00002420       0xac /usr/lib/gcc/arm-none-eabi/14.2.0/thumb/v7-m/nofp/libgcc.a(_arm_addsubdf3.o)
 .debug_frame   0x000024cc       0x50 /usr/lib/gcc/arm-none-eabi/14.2.0/thumb/v7-m/nofp/libgcc.a(_arm_muldivdf3.o)
 .debug_frame   0x0000251c       0x24 /usr/lib/gcc/arm-none-eabi/14.2.0/thumb/v7-m/nofp/libgcc.a(_arm_fixdfsi.o)

.debug_loclists
                0x00000000      0x12c
 .debug_loclists
                0x00000000       0x3b /usr/lib/gcc/arm-none-eabi/14.2.0/../../../../arm-none-eabi/lib/thumb/v7-m/nofp/libc_nano.a(libc_a-memset.o)
 .debug_loclists
                0x0000003b       0x44 /usr/lib/gcc/arm-none-eabi/14.2.0/../../../../arm-none-eabi/lib/thumb/v7-m/nofp/libc_nano.a(libc_a-init.o)
 .debug_loclists
                0x0000007f       0xad /usr/lib/gcc/arm-none-eabi/14.2.0/../../../../arm-none-eabi/lib/thumb/v7-m/nofp/libc_nano.a(libc_a-memcpy-stub.o)

.debug_rnglists
                0x00000000       0x39
 .debug_rnglists
                0x00000000       0x13 /usr/lib/gcc/arm-none-eabi/14.2.0/../../../../arm-none-eabi/lib/thumb/v7-m/nofp/libc_nano.a(libc_a-memset.o)
 .debug_rnglists
                0x00000013       0x13 /usr/lib/gcc/arm-none-eabi/14.2.0/../../../../arm-none-eabi/lib/thumb/v7-m/nofp/libc_nano.a(libc_a-init.o)
 .debug_rnglists
                0x00000026       0x13 /usr/lib/gcc/arm-none-eabi/14.2.0/../../../../arm-none-eabi/lib/thumb/v7-m/nofp/libc_nano.a(libc_a-memcpy-stub.o)

.debug_line_str
                0x00000000       0x93
 .debug_line_str
                0x00000000       0x93 /usr/lib/gcc/arm-none-eabi/14.2.0/thumb/v7-m/nofp/libgcc.a(_arm_addsubdf3.o)
 .debug_line_str
                0x00000093       0x93 /usr/lib/gcc/arm-none-eabi/14.2.0/thumb/v7-m/nofp/libgcc.a(_arm_muldivdf3.o)
 .debug_line_str
                0x00000093       0x93 /usr/lib/gcc/arm-none-eabi/14.2.0/thumb/v7-m/nofp/libgcc.a(_arm_fixdfsi.o)

Cross Reference Table

Symbol                                            File
ADC1_2_IRQHandler                                 build/startup_stm32f103xb.o
AHBPrescTable                                     build/system_stm32f1xx.o
                                                  build/stm32f1xx_hal_rcc.o
APBPrescTable                                     build/system_stm32f1xx.o
                                                  build/stm32f1xx_hal_rcc.o
BusFault_Handler                                  build/stm32f1xx_it.o
CAN1_RX1_IRQHandler                               build/startup_stm32f103xb.o
CAN1_SCE_IRQHandler                               build/startup_stm32f103xb.o
DMA1_Channel1_IRQHandler                          build/startup_stm32f103xb.o
DMA1_Channel2_IRQHandler                          build/startup_stm32f103xb.o
DMA1_Channel3_IRQHandler                          build/startup_stm32f103xb.o
DMA1_Channel4_IRQHandler                          build/startup_stm32f103xb.o
DMA1_Channel5_IRQHandler                          build/startup_stm32f103xb.o
DMA1_Channel6_IRQHandler                          build/startup_stm32f103xb.o
DMA1_Channel7_IRQHandler                          build/startup_stm32f103xb.o
DebugMon_Handler                                  build/stm32f1xx_it.o
Default_Handler                                   build/startup_stm32f103xb.o
EXTI0_IRQHandler                                  build/startup_stm32f103xb.o
EXTI15_10_IRQHandler                              build/stm32f1xx_it.o
EXTI1_IRQHandler                                  build/startup_stm32f103xb.o
EXTI2_IRQHandler                                  build/startup_stm32f103xb.o
EXTI3_IRQHandler                                  build/startup_stm32f103xb.o
EXTI4_IRQHandler                                  build/startup_stm32f103xb.o
EXTI9_5_IRQHandler                                build/startup_stm32f103xb.o
Error_Handler                                     build/main.o
                                                  build/i2c.o
                                                  build/usart.o
                                                  build/spi.o
FLASH_IRQHandler                                  build/startup_stm32f103xb.o
FLASH_PageErase                                   build/stm32f1xx_hal_flash_ex.o
                                                  build/stm32f1xx_hal_flash.o
FLASH_WaitForLastOperation                        build/stm32f1xx_hal_flash.o
                                                  build/stm32f1xx_hal_flash_ex.o
Font_11x18                                        build/fonts.o
                                                  build/main.o
Font_16x15                                        build/fonts.o
Font_16x24                                        build/fonts.o
Font_16x26                                        build/fonts.o
Font_6x8                                          build/fonts.o
Font_7x10                                         build/fonts.o
GPS                                               build/gps.o
GPS_Init                                          build/gps.o
GPS_UART_CallBack                                 build/gps.o
GPS_nmea_to_dec                                   build/gps.o
GPS_parse                                         build/gps.o
GPS_validate                                      build/gps.o
HAL_DBGMCU_DisableDBGSleepMode                    build/stm32f1xx_hal.o
HAL_DBGMCU_DisableDBGStandbyMode                  build/stm32f1xx_hal.o
HAL_DBGMCU_DisableDBGStopMode                     build/stm32f1xx_hal.o
HAL_DBGMCU_EnableDBGSleepMode                     build/stm32f1xx_hal.o
HAL_DBGMCU_EnableDBGStandbyMode                   build/stm32f1xx_hal.o
HAL_DBGMCU_EnableDBGStopMode                      build/stm32f1xx_hal.o
HAL_DMA_Abort                                     build/stm32f1xx_hal_dma.o
                                                  build/stm32f1xx_hal_uart.o
                                                  build/stm32f1xx_hal_spi.o
HAL_DMA_Abort_IT                                  build/stm32f1xx_hal_dma.o
                                                  build/stm32f1xx_hal_i2c.o
                                                  build/stm32f1xx_hal_uart.o
                                                  build/stm32f1xx_hal_spi.o
HAL_DMA_DeInit                                    build/stm32f1xx_hal_dma.o
HAL_DMA_GetError                                  build/stm32f1xx_hal_dma.o
                                                  build/stm32f1xx_hal_uart.o
HAL_DMA_GetState                                  build/stm32f1xx_hal_dma.o
                                                  build/stm32f1xx_hal_i2c.o
HAL_DMA_IRQHandler                                build/stm32f1xx_hal_dma.o
HAL_DMA_Init                                      build/stm32f1xx_hal_dma.o
HAL_DMA_PollForTransfer                           build/stm32f1xx_hal_dma.o
HAL_DMA_RegisterCallback                          build/stm32f1xx_hal_dma.o
HAL_DMA_Start                                     build/stm32f1xx_hal_dma.o
HAL_DMA_Start_IT                                  build/stm32f1xx_hal_dma.o
                                                  build/stm32f1xx_hal_i2c.o
                                                  build/stm32f1xx_hal_uart.o
                                                  build/stm32f1xx_hal_spi.o
HAL_DMA_UnRegisterCallback                        build/stm32f1xx_hal_dma.o
HAL_DeInit                                        build/stm32f1xx_hal.o
HAL_Delay                                         build/stm32f1xx_hal.o
                                                  build/ssd1306.o
                                                  build/LoRa.o
                                                  build/main.o
HAL_EXTI_ClearConfigLine                          build/stm32f1xx_hal_exti.o
HAL_EXTI_ClearPending                             build/stm32f1xx_hal_exti.o
HAL_EXTI_GenerateSWI                              build/stm32f1xx_hal_exti.o
HAL_EXTI_GetConfigLine                            build/stm32f1xx_hal_exti.o
HAL_EXTI_GetHandle                                build/stm32f1xx_hal_exti.o
HAL_EXTI_GetPending                               build/stm32f1xx_hal_exti.o
HAL_EXTI_IRQHandler                               build/stm32f1xx_hal_exti.o
HAL_EXTI_RegisterCallback                         build/stm32f1xx_hal_exti.o
HAL_EXTI_SetConfigLine                            build/stm32f1xx_hal_exti.o
HAL_FLASHEx_Erase                                 build/stm32f1xx_hal_flash_ex.o
HAL_FLASHEx_Erase_IT                              build/stm32f1xx_hal_flash_ex.o
HAL_FLASHEx_OBErase                               build/stm32f1xx_hal_flash_ex.o
HAL_FLASHEx_OBGetConfig                           build/stm32f1xx_hal_flash_ex.o
HAL_FLASHEx_OBGetUserData                         build/stm32f1xx_hal_flash_ex.o
HAL_FLASHEx_OBProgram                             build/stm32f1xx_hal_flash_ex.o
HAL_FLASH_EndOfOperationCallback                  build/stm32f1xx_hal_flash.o
HAL_FLASH_GetError                                build/stm32f1xx_hal_flash.o
HAL_FLASH_IRQHandler                              build/stm32f1xx_hal_flash.o
HAL_FLASH_Lock                                    build/stm32f1xx_hal_flash.o
HAL_FLASH_OB_Launch                               build/stm32f1xx_hal_flash.o
HAL_FLASH_OB_Lock                                 build/stm32f1xx_hal_flash.o
HAL_FLASH_OB_Unlock                               build/stm32f1xx_hal_flash.o
HAL_FLASH_OperationErrorCallback                  build/stm32f1xx_hal_flash.o
HAL_FLASH_Program                                 build/stm32f1xx_hal_flash.o
HAL_FLASH_Program_IT                              build/stm32f1xx_hal_flash.o
HAL_FLASH_Unlock                                  build/stm32f1xx_hal_flash.o
HAL_GPIOEx_ConfigEventout                         build/stm32f1xx_hal_gpio_ex.o
HAL_GPIOEx_DisableEventout                        build/stm32f1xx_hal_gpio_ex.o
HAL_GPIOEx_EnableEventout                         build/stm32f1xx_hal_gpio_ex.o
HAL_GPIO_DeInit                                   build/stm32f1xx_hal_gpio.o
                                                  build/i2c.o
                                                  build/usart.o
                                                  build/spi.o
HAL_GPIO_EXTI_Callback                            build/stm32f1xx_hal_gpio.o
HAL_GPIO_EXTI_IRQHandler                          build/stm32f1xx_hal_gpio.o
                                                  build/stm32f1xx_it.o
HAL_GPIO_Init                                     build/stm32f1xx_hal_gpio.o
                                                  build/i2c.o
                                                  build/stm32f1xx_hal_rcc.o
                                                  build/usart.o
                                                  build/spi.o
                                                  build/gpio.o
HAL_GPIO_LockPin                                  build/stm32f1xx_hal_gpio.o
HAL_GPIO_ReadPin                                  build/stm32f1xx_hal_gpio.o
HAL_GPIO_TogglePin                                build/stm32f1xx_hal_gpio.o
                                                  build/main.o
HAL_GPIO_WritePin                                 build/stm32f1xx_hal_gpio.o
                                                  build/LoRa.o
                                                  build/gpio.o
HAL_GetDEVID                                      build/stm32f1xx_hal.o
HAL_GetHalVersion                                 build/stm32f1xx_hal.o
HAL_GetREVID                                      build/stm32f1xx_hal.o
HAL_GetTick                                       build/stm32f1xx_hal.o
                                                  build/stm32f1xx_hal_i2c.o
                                                  build/stm32f1xx_hal_uart.o
                                                  build/stm32f1xx_hal_flash.o
                                                  build/stm32f1xx_hal_dma.o
                                                  build/stm32f1xx_hal_rcc_ex.o
                                                  build/stm32f1xx_hal_rcc.o
                                                  build/stm32f1xx_hal_spi.o
HAL_GetTickFreq                                   build/stm32f1xx_hal.o
HAL_GetTickPrio                                   build/stm32f1xx_hal.o
HAL_GetUIDw0                                      build/stm32f1xx_hal.o
HAL_GetUIDw1                                      build/stm32f1xx_hal.o
HAL_GetUIDw2                                      build/stm32f1xx_hal.o
HAL_HalfDuplex_EnableReceiver                     build/stm32f1xx_hal_uart.o
HAL_HalfDuplex_EnableTransmitter                  build/stm32f1xx_hal_uart.o
HAL_HalfDuplex_Init                               build/stm32f1xx_hal_uart.o
HAL_I2C_AbortCpltCallback                         build/stm32f1xx_hal_i2c.o
HAL_I2C_AddrCallback                              build/stm32f1xx_hal_i2c.o
HAL_I2C_DeInit                                    build/stm32f1xx_hal_i2c.o
HAL_I2C_DisableListen_IT                          build/stm32f1xx_hal_i2c.o
HAL_I2C_ER_IRQHandler                             build/stm32f1xx_hal_i2c.o
HAL_I2C_EV_IRQHandler                             build/stm32f1xx_hal_i2c.o
HAL_I2C_EnableListen_IT                           build/stm32f1xx_hal_i2c.o
HAL_I2C_ErrorCallback                             build/stm32f1xx_hal_i2c.o
HAL_I2C_GetError                                  build/stm32f1xx_hal_i2c.o
HAL_I2C_GetMode                                   build/stm32f1xx_hal_i2c.o
HAL_I2C_GetState                                  build/stm32f1xx_hal_i2c.o
HAL_I2C_Init                                      build/stm32f1xx_hal_i2c.o
                                                  build/i2c.o
HAL_I2C_IsDeviceReady                             build/stm32f1xx_hal_i2c.o
HAL_I2C_ListenCpltCallback                        build/stm32f1xx_hal_i2c.o
HAL_I2C_MasterRxCpltCallback                      build/stm32f1xx_hal_i2c.o
HAL_I2C_MasterTxCpltCallback                      build/stm32f1xx_hal_i2c.o
HAL_I2C_Master_Abort_IT                           build/stm32f1xx_hal_i2c.o
HAL_I2C_Master_Receive                            build/stm32f1xx_hal_i2c.o
HAL_I2C_Master_Receive_DMA                        build/stm32f1xx_hal_i2c.o
HAL_I2C_Master_Receive_IT                         build/stm32f1xx_hal_i2c.o
HAL_I2C_Master_Seq_Receive_DMA                    build/stm32f1xx_hal_i2c.o
HAL_I2C_Master_Seq_Receive_IT                     build/stm32f1xx_hal_i2c.o
HAL_I2C_Master_Seq_Transmit_DMA                   build/stm32f1xx_hal_i2c.o
HAL_I2C_Master_Seq_Transmit_IT                    build/stm32f1xx_hal_i2c.o
HAL_I2C_Master_Transmit                           build/stm32f1xx_hal_i2c.o
HAL_I2C_Master_Transmit_DMA                       build/stm32f1xx_hal_i2c.o
HAL_I2C_Master_Transmit_IT                        build/stm32f1xx_hal_i2c.o
HAL_I2C_MemRxCpltCallback                         build/stm32f1xx_hal_i2c.o
HAL_I2C_MemTxCpltCallback                         build/stm32f1xx_hal_i2c.o
HAL_I2C_Mem_Read                                  build/stm32f1xx_hal_i2c.o
HAL_I2C_Mem_Read_DMA                              build/stm32f1xx_hal_i2c.o
HAL_I2C_Mem_Read_IT                               build/stm32f1xx_hal_i2c.o
HAL_I2C_Mem_Write                                 build/stm32f1xx_hal_i2c.o
                                                  build/ssd1306.o
HAL_I2C_Mem_Write_DMA                             build/stm32f1xx_hal_i2c.o
HAL_I2C_Mem_Write_IT                              build/stm32f1xx_hal_i2c.o
HAL_I2C_MspDeInit                                 build/i2c.o
HAL_I2C_MspInit                                   build/i2c.o
HAL_I2C_SlaveRxCpltCallback                       build/stm32f1xx_hal_i2c.o
HAL_I2C_SlaveTxCpltCallback                       build/stm32f1xx_hal_i2c.o
HAL_I2C_Slave_Receive                             build/stm32f1xx_hal_i2c.o
HAL_I2C_Slave_Receive_DMA                         build/stm32f1xx_hal_i2c.o
HAL_I2C_Slave_Receive_IT                          build/stm32f1xx_hal_i2c.o
HAL_I2C_Slave_Seq_Receive_DMA                     build/stm32f1xx_hal_i2c.o
HAL_I2C_Slave_Seq_Receive_IT                      build/stm32f1xx_hal_i2c.o
HAL_I2C_Slave_Seq_Transmit_DMA                    build/stm32f1xx_hal_i2c.o
HAL_I2C_Slave_Seq_Transmit_IT                     build/stm32f1xx_hal_i2c.o
HAL_I2C_Slave_Transmit                            build/stm32f1xx_hal_i2c.o
HAL_I2C_Slave_Transmit_DMA                        build/stm32f1xx_hal_i2c.o
HAL_I2C_Slave_Transmit_IT                         build/stm32f1xx_hal_i2c.o
HAL_IncTick                                       build/stm32f1xx_hal.o
                                                  build/stm32f1xx_it.o
HAL_Init                                          build/stm32f1xx_hal.o
                                                  build/main.o
HAL_InitTick                                      build/stm32f1xx_hal.o
                                                  build/stm32f1xx_hal_rcc.o
HAL_LIN_Init                                      build/stm32f1xx_hal_uart.o
HAL_LIN_SendBreak                                 build/stm32f1xx_hal_uart.o
HAL_MspDeInit                                     build/stm32f1xx_hal.o
HAL_MspInit                                       build/stm32f1xx_hal_msp.o
HAL_MultiProcessor_EnterMuteMode                  build/stm32f1xx_hal_uart.o
HAL_MultiProcessor_ExitMuteMode                   build/stm32f1xx_hal_uart.o
HAL_MultiProcessor_Init                           build/stm32f1xx_hal_uart.o
HAL_NVIC_ClearPendingIRQ                          build/stm32f1xx_hal_cortex.o
HAL_NVIC_DisableIRQ                               build/stm32f1xx_hal_cortex.o
HAL_NVIC_EnableIRQ                                build/stm32f1xx_hal_cortex.o
                                                  build/gpio.o
HAL_NVIC_GetActive                                build/stm32f1xx_hal_cortex.o
HAL_NVIC_GetPendingIRQ                            build/stm32f1xx_hal_cortex.o
HAL_NVIC_GetPriority                              build/stm32f1xx_hal_cortex.o
HAL_NVIC_GetPriorityGrouping                      build/stm32f1xx_hal_cortex.o
HAL_NVIC_SetPendingIRQ                            build/stm32f1xx_hal_cortex.o
HAL_NVIC_SetPriority                              build/stm32f1xx_hal_cortex.o
                                                  build/stm32f1xx_hal.o
                                                  build/gpio.o
HAL_NVIC_SetPriorityGrouping                      build/stm32f1xx_hal_cortex.o
                                                  build/stm32f1xx_hal.o
HAL_NVIC_SystemReset                              build/stm32f1xx_hal_cortex.o
                                                  build/stm32f1xx_hal_flash.o
HAL_PWR_ConfigPVD                                 build/stm32f1xx_hal_pwr.o
HAL_PWR_DeInit                                    build/stm32f1xx_hal_pwr.o
HAL_PWR_DisableBkUpAccess                         build/stm32f1xx_hal_pwr.o
HAL_PWR_DisablePVD                                build/stm32f1xx_hal_pwr.o
HAL_PWR_DisableSEVOnPend                          build/stm32f1xx_hal_pwr.o
HAL_PWR_DisableSleepOnExit                        build/stm32f1xx_hal_pwr.o
HAL_PWR_DisableWakeUpPin                          build/stm32f1xx_hal_pwr.o
HAL_PWR_EnableBkUpAccess                          build/stm32f1xx_hal_pwr.o
HAL_PWR_EnablePVD                                 build/stm32f1xx_hal_pwr.o
HAL_PWR_EnableSEVOnPend                           build/stm32f1xx_hal_pwr.o
HAL_PWR_EnableSleepOnExit                         build/stm32f1xx_hal_pwr.o
HAL_PWR_EnableWakeUpPin                           build/stm32f1xx_hal_pwr.o
HAL_PWR_EnterSLEEPMode                            build/stm32f1xx_hal_pwr.o
HAL_PWR_EnterSTANDBYMode                          build/stm32f1xx_hal_pwr.o
HAL_PWR_EnterSTOPMode                             build/stm32f1xx_hal_pwr.o
HAL_PWR_PVDCallback                               build/stm32f1xx_hal_pwr.o
HAL_PWR_PVD_IRQHandler                            build/stm32f1xx_hal_pwr.o
HAL_RCCEx_GetPeriphCLKConfig                      build/stm32f1xx_hal_rcc_ex.o
HAL_RCCEx_GetPeriphCLKFreq                        build/stm32f1xx_hal_rcc_ex.o
HAL_RCCEx_PeriphCLKConfig                         build/stm32f1xx_hal_rcc_ex.o
HAL_RCC_CSSCallback                               build/stm32f1xx_hal_rcc.o
HAL_RCC_ClockConfig                               build/stm32f1xx_hal_rcc.o
                                                  build/main.o
HAL_RCC_DeInit                                    build/stm32f1xx_hal_rcc.o
HAL_RCC_DisableCSS                                build/stm32f1xx_hal_rcc.o
HAL_RCC_EnableCSS                                 build/stm32f1xx_hal_rcc.o
HAL_RCC_GetClockConfig                            build/stm32f1xx_hal_rcc.o
HAL_RCC_GetHCLKFreq                               build/stm32f1xx_hal_rcc.o
HAL_RCC_GetOscConfig                              build/stm32f1xx_hal_rcc.o
HAL_RCC_GetPCLK1Freq                              build/stm32f1xx_hal_rcc.o
                                                  build/stm32f1xx_hal_i2c.o
                                                  build/stm32f1xx_hal_uart.o
HAL_RCC_GetPCLK2Freq                              build/stm32f1xx_hal_rcc.o
                                                  build/stm32f1xx_hal_uart.o
                                                  build/stm32f1xx_hal_rcc_ex.o
HAL_RCC_GetSysClockFreq                           build/stm32f1xx_hal_rcc.o
HAL_RCC_MCOConfig                                 build/stm32f1xx_hal_rcc.o
HAL_RCC_NMI_IRQHandler                            build/stm32f1xx_hal_rcc.o
HAL_RCC_OscConfig                                 build/stm32f1xx_hal_rcc.o
                                                  build/main.o
HAL_ResumeTick                                    build/stm32f1xx_hal.o
HAL_SPI_Abort                                     build/stm32f1xx_hal_spi.o
HAL_SPI_AbortCpltCallback                         build/stm32f1xx_hal_spi.o
HAL_SPI_Abort_IT                                  build/stm32f1xx_hal_spi.o
HAL_SPI_DMAPause                                  build/stm32f1xx_hal_spi.o
HAL_SPI_DMAResume                                 build/stm32f1xx_hal_spi.o
HAL_SPI_DMAStop                                   build/stm32f1xx_hal_spi.o
HAL_SPI_DeInit                                    build/stm32f1xx_hal_spi.o
HAL_SPI_ErrorCallback                             build/stm32f1xx_hal_spi.o
HAL_SPI_GetError                                  build/stm32f1xx_hal_spi.o
HAL_SPI_GetState                                  build/stm32f1xx_hal_spi.o
                                                  build/LoRa.o
HAL_SPI_IRQHandler                                build/stm32f1xx_hal_spi.o
HAL_SPI_Init                                      build/stm32f1xx_hal_spi.o
                                                  build/spi.o
HAL_SPI_MspDeInit                                 build/spi.o
HAL_SPI_MspInit                                   build/spi.o
HAL_SPI_Receive                                   build/stm32f1xx_hal_spi.o
                                                  build/LoRa.o
HAL_SPI_Receive_DMA                               build/stm32f1xx_hal_spi.o
HAL_SPI_Receive_IT                                build/stm32f1xx_hal_spi.o
HAL_SPI_RxCpltCallback                            build/stm32f1xx_hal_spi.o
HAL_SPI_RxHalfCpltCallback                        build/stm32f1xx_hal_spi.o
HAL_SPI_Transmit                                  build/stm32f1xx_hal_spi.o
                                                  build/LoRa.o
HAL_SPI_TransmitReceive                           build/stm32f1xx_hal_spi.o
HAL_SPI_TransmitReceive_DMA                       build/stm32f1xx_hal_spi.o
HAL_SPI_TransmitReceive_IT                        build/stm32f1xx_hal_spi.o
HAL_SPI_Transmit_DMA                              build/stm32f1xx_hal_spi.o
HAL_SPI_Transmit_IT                               build/stm32f1xx_hal_spi.o
HAL_SPI_TxCpltCallback                            build/stm32f1xx_hal_spi.o
HAL_SPI_TxHalfCpltCallback                        build/stm32f1xx_hal_spi.o
HAL_SPI_TxRxCpltCallback                          build/stm32f1xx_hal_spi.o
HAL_SPI_TxRxHalfCpltCallback                      build/stm32f1xx_hal_spi.o
HAL_SYSTICK_CLKSourceConfig                       build/stm32f1xx_hal_cortex.o
HAL_SYSTICK_Callback                              build/stm32f1xx_hal_cortex.o
HAL_SYSTICK_Config                                build/stm32f1xx_hal_cortex.o
                                                  build/stm32f1xx_hal.o
HAL_SYSTICK_IRQHandler                            build/stm32f1xx_hal_cortex.o
HAL_SetTickFreq                                   build/stm32f1xx_hal.o
HAL_SuspendTick                                   build/stm32f1xx_hal.o
HAL_UARTEx_GetRxEventType                         build/stm32f1xx_hal_uart.o
HAL_UARTEx_ReceiveToIdle                          build/stm32f1xx_hal_uart.o
HAL_UARTEx_ReceiveToIdle_DMA                      build/stm32f1xx_hal_uart.o
HAL_UARTEx_ReceiveToIdle_IT                       build/stm32f1xx_hal_uart.o
HAL_UARTEx_RxEventCallback                        build/stm32f1xx_hal_uart.o
HAL_UART_Abort                                    build/stm32f1xx_hal_uart.o
HAL_UART_AbortCpltCallback                        build/stm32f1xx_hal_uart.o
HAL_UART_AbortReceive                             build/stm32f1xx_hal_uart.o
HAL_UART_AbortReceiveCpltCallback                 build/stm32f1xx_hal_uart.o
HAL_UART_AbortReceive_IT                          build/stm32f1xx_hal_uart.o
HAL_UART_AbortTransmit                            build/stm32f1xx_hal_uart.o
HAL_UART_AbortTransmitCpltCallback                build/stm32f1xx_hal_uart.o
HAL_UART_AbortTransmit_IT                         build/stm32f1xx_hal_uart.o
HAL_UART_Abort_IT                                 build/stm32f1xx_hal_uart.o
HAL_UART_DMAPause                                 build/stm32f1xx_hal_uart.o
HAL_UART_DMAResume                                build/stm32f1xx_hal_uart.o
HAL_UART_DMAStop                                  build/stm32f1xx_hal_uart.o
HAL_UART_DeInit                                   build/stm32f1xx_hal_uart.o
HAL_UART_ErrorCallback                            build/stm32f1xx_hal_uart.o
HAL_UART_GetError                                 build/stm32f1xx_hal_uart.o
HAL_UART_GetState                                 build/stm32f1xx_hal_uart.o
HAL_UART_IRQHandler                               build/stm32f1xx_hal_uart.o
HAL_UART_Init                                     build/stm32f1xx_hal_uart.o
                                                  build/usart.o
HAL_UART_MspDeInit                                build/usart.o
HAL_UART_MspInit                                  build/usart.o
HAL_UART_Receive                                  build/stm32f1xx_hal_uart.o
HAL_UART_Receive_DMA                              build/stm32f1xx_hal_uart.o
HAL_UART_Receive_IT                               build/stm32f1xx_hal_uart.o
                                                  build/gps.o
HAL_UART_RxCpltCallback                           build/stm32f1xx_hal_uart.o
HAL_UART_RxHalfCpltCallback                       build/stm32f1xx_hal_uart.o
HAL_UART_Transmit                                 build/stm32f1xx_hal_uart.o
                                                  build/main.o
HAL_UART_Transmit_DMA                             build/stm32f1xx_hal_uart.o
HAL_UART_Transmit_IT                              build/stm32f1xx_hal_uart.o
HAL_UART_TxCpltCallback                           build/stm32f1xx_hal_uart.o
HAL_UART_TxHalfCpltCallback                       build/stm32f1xx_hal_uart.o
HardFault_Handler                                 build/stm32f1xx_it.o
I2C1_ER_IRQHandler                                build/startup_stm32f103xb.o
I2C1_EV_IRQHandler                                build/startup_stm32f103xb.o
I2C2_ER_IRQHandler                                build/startup_stm32f103xb.o
I2C2_EV_IRQHandler                                build/startup_stm32f103xb.o
LoRa_BurstWrite                                   build/LoRa.o
LoRa_getRSSI                                      build/LoRa.o
LoRa_gotoMode                                     build/LoRa.o
LoRa_init                                         build/LoRa.o
                                                  build/main.o
LoRa_isvalid                                      build/LoRa.o
LoRa_read                                         build/LoRa.o
LoRa_readReg                                      build/LoRa.o
LoRa_receive                                      build/LoRa.o
LoRa_reset                                        build/LoRa.o
LoRa_setAutoLDO                                   build/LoRa.o
LoRa_setFrequency                                 build/LoRa.o
LoRa_setLowDaraRateOptimization                   build/LoRa.o
LoRa_setOCP                                       build/LoRa.o
LoRa_setPower                                     build/LoRa.o
LoRa_setSpreadingFactor                           build/LoRa.o
LoRa_setSyncWord                                  build/LoRa.o
LoRa_setTOMsb_setCRCon                            build/LoRa.o
LoRa_startReceiving                               build/LoRa.o
LoRa_transmit                                     build/LoRa.o
                                                  build/main.o
LoRa_write                                        build/LoRa.o
LoRa_writeReg                                     build/LoRa.o
MX_GPIO_Init                                      build/gpio.o
                                                  build/main.o
MX_I2C1_Init                                      build/i2c.o
                                                  build/main.o
MX_SPI1_Init                                      build/spi.o
                                                  build/main.o
MX_USART1_UART_Init                               build/usart.o
                                                  build/main.o
MX_USART2_UART_Init                               build/usart.o
                                                  build/main.o
MemManage_Handler                                 build/stm32f1xx_it.o
NMI_Handler                                       build/stm32f1xx_it.o
PVD_IRQHandler                                    build/startup_stm32f103xb.o
PendSV_Handler                                    build/stm32f1xx_it.o
RCC_IRQHandler                                    build/startup_stm32f103xb.o
RTC_Alarm_IRQHandler                              build/startup_stm32f103xb.o
RTC_IRQHandler                                    build/startup_stm32f103xb.o
Reset_Handler                                     build/startup_stm32f103xb.o
SPI1_IRQHandler                                   build/startup_stm32f103xb.o
SPI2_IRQHandler                                   build/startup_stm32f103xb.o
SVC_Handler                                       build/stm32f1xx_it.o
SysTick_Handler                                   build/stm32f1xx_it.o
SystemClock_Config                                build/main.o
SystemCoreClock                                   build/system_stm32f1xx.o
                                                  build/stm32f1xx_hal_i2c.o
                                                  build/stm32f1xx_hal_rcc.o
                                                  build/stm32f1xx_hal.o
                                                  build/stm32f1xx_hal_spi.o
SystemCoreClockUpdate                             build/system_stm32f1xx.o
SystemInit                                        build/system_stm32f1xx.o
                                                  build/startup_stm32f103xb.o
TAMPER_IRQHandler                                 build/startup_stm32f103xb.o
TIM1_BRK_IRQHandler                               build/startup_stm32f103xb.o
TIM1_CC_IRQHandler                                build/startup_stm32f103xb.o
TIM1_TRG_COM_IRQHandler                           build/startup_stm32f103xb.o
TIM1_UP_IRQHandler                                build/startup_stm32f103xb.o
TIM2_IRQHandler                                   build/startup_stm32f103xb.o
TIM3_IRQHandler                                   build/startup_stm32f103xb.o
TIM4_IRQHandler                                   build/startup_stm32f103xb.o
UART_Start_Receive_DMA                            build/stm32f1xx_hal_uart.o
UART_Start_Receive_IT                             build/stm32f1xx_hal_uart.o
USART1_IRQHandler                                 build/startup_stm32f103xb.o
USART2_IRQHandler                                 build/startup_stm32f103xb.o
USART3_IRQHandler                                 build/startup_stm32f103xb.o
USBWakeUp_IRQHandler                              build/startup_stm32f103xb.o
USB_HP_CAN1_TX_IRQHandler                         build/startup_stm32f103xb.o
USB_LP_CAN1_RX0_IRQHandler                        build/startup_stm32f103xb.o
UsageFault_Handler                                build/stm32f1xx_it.o
WWDG_IRQHandler                                   build/startup_stm32f103xb.o
_Min_Stack_Size                                   build/sysmem.o
__adddf3                                          /usr/lib/gcc/arm-none-eabi/14.2.0/thumb/v7-m/nofp/libgcc.a(_arm_addsubdf3.o)
__addsf3                                          /usr/lib/gcc/arm-none-eabi/14.2.0/thumb/v7-m/nofp/libgcc.a(_arm_addsubsf3.o)
__aeabi_cfcmpeq                                   /usr/lib/gcc/arm-none-eabi/14.2.0/thumb/v7-m/nofp/libgcc.a(_arm_cmpsf2.o)
__aeabi_cfcmple                                   /usr/lib/gcc/arm-none-eabi/14.2.0/thumb/v7-m/nofp/libgcc.a(_arm_cmpsf2.o)
__aeabi_cfrcmple                                  /usr/lib/gcc/arm-none-eabi/14.2.0/thumb/v7-m/nofp/libgcc.a(_arm_cmpsf2.o)
__aeabi_d2iz                                      /usr/lib/gcc/arm-none-eabi/14.2.0/thumb/v7-m/nofp/libgcc.a(_arm_fixdfsi.o)
                                                  build/LoRa.o
__aeabi_dadd                                      /usr/lib/gcc/arm-none-eabi/14.2.0/thumb/v7-m/nofp/libgcc.a(_arm_addsubdf3.o)
__aeabi_ddiv                                      /usr/lib/gcc/arm-none-eabi/14.2.0/thumb/v7-m/nofp/libgcc.a(_arm_muldivdf3.o)
                                                  build/LoRa.o
__aeabi_dmul                                      /usr/lib/gcc/arm-none-eabi/14.2.0/thumb/v7-m/nofp/libgcc.a(_arm_muldivdf3.o)
__aeabi_drsub                                     /usr/lib/gcc/arm-none-eabi/14.2.0/thumb/v7-m/nofp/libgcc.a(_arm_addsubdf3.o)
__aeabi_dsub                                      /usr/lib/gcc/arm-none-eabi/14.2.0/thumb/v7-m/nofp/libgcc.a(_arm_addsubdf3.o)
__aeabi_f2d                                       /usr/lib/gcc/arm-none-eabi/14.2.0/thumb/v7-m/nofp/libgcc.a(_arm_addsubdf3.o)
__aeabi_f2iz                                      /usr/lib/gcc/arm-none-eabi/14.2.0/thumb/v7-m/nofp/libgcc.a(_arm_fixsfsi.o)
                                                  /usr/lib/gcc/arm-none-eabi/14.2.0/../../../../arm-none-eabi/lib/thumb/v7-m/nofp/libm.a(libm_a-kf_rem_pio2.o)
                                                  /usr/lib/gcc/arm-none-eabi/14.2.0/../../../../arm-none-eabi/lib/thumb/v7-m/nofp/libm.a(libm_a-ef_rem_pio2.o)
                                                  /usr/lib/gcc/arm-none-eabi/14.2.0/../../../../arm-none-eabi/lib/thumb/v7-m/nofp/libm.a(libm_a-kf_sin.o)
                                                  /usr/lib/gcc/arm-none-eabi/14.2.0/../../../../arm-none-eabi/lib/thumb/v7-m/nofp/libm.a(libm_a-kf_cos.o)
                                                  build/gps.o
                                                  build/ssd1306.o
__aeabi_fadd                                      /usr/lib/gcc/arm-none-eabi/14.2.0/thumb/v7-m/nofp/libgcc.a(_arm_addsubsf3.o)
                                                  /usr/lib/gcc/arm-none-eabi/14.2.0/../../../../arm-none-eabi/lib/thumb/v7-m/nofp/libm.a(libm_a-sf_floor.o)
                                                  /usr/lib/gcc/arm-none-eabi/14.2.0/../../../../arm-none-eabi/lib/thumb/v7-m/nofp/libm.a(libm_a-sf_scalbn.o)
                                                  /usr/lib/gcc/arm-none-eabi/14.2.0/../../../../arm-none-eabi/lib/thumb/v7-m/nofp/libm.a(libm_a-kf_rem_pio2.o)
                                                  /usr/lib/gcc/arm-none-eabi/14.2.0/../../../../arm-none-eabi/lib/thumb/v7-m/nofp/libm.a(libm_a-ef_rem_pio2.o)
                                                  /usr/lib/gcc/arm-none-eabi/14.2.0/../../../../arm-none-eabi/lib/thumb/v7-m/nofp/libm.a(libm_a-kf_sin.o)
                                                  /usr/lib/gcc/arm-none-eabi/14.2.0/../../../../arm-none-eabi/lib/thumb/v7-m/nofp/libm.a(libm_a-kf_cos.o)
                                                  build/gps.o
__aeabi_fcmpeq                                    /usr/lib/gcc/arm-none-eabi/14.2.0/thumb/v7-m/nofp/libgcc.a(_arm_cmpsf2.o)
                                                  /usr/lib/gcc/arm-none-eabi/14.2.0/../../../../arm-none-eabi/lib/thumb/v7-m/nofp/libm.a(libm_a-kf_rem_pio2.o)
                                                  /usr/lib/gcc/arm-none-eabi/14.2.0/../../../../arm-none-eabi/lib/thumb/v7-m/nofp/libm.a(libm_a-ef_rem_pio2.o)
__aeabi_fcmpge                                    /usr/lib/gcc/arm-none-eabi/14.2.0/thumb/v7-m/nofp/libgcc.a(_arm_cmpsf2.o)
                                                  /usr/lib/gcc/arm-none-eabi/14.2.0/../../../../arm-none-eabi/lib/thumb/v7-m/nofp/libm.a(libm_a-kf_rem_pio2.o)
__aeabi_fcmpgt                                    /usr/lib/gcc/arm-none-eabi/14.2.0/thumb/v7-m/nofp/libgcc.a(_arm_cmpsf2.o)
                                                  /usr/lib/gcc/arm-none-eabi/14.2.0/../../../../arm-none-eabi/lib/thumb/v7-m/nofp/libm.a(libm_a-sf_floor.o)
__aeabi_fcmple                                    /usr/lib/gcc/arm-none-eabi/14.2.0/thumb/v7-m/nofp/libgcc.a(_arm_cmpsf2.o)
__aeabi_fcmplt                                    /usr/lib/gcc/arm-none-eabi/14.2.0/thumb/v7-m/nofp/libgcc.a(_arm_cmpsf2.o)
__aeabi_fdiv                                      /usr/lib/gcc/arm-none-eabi/14.2.0/thumb/v7-m/nofp/libgcc.a(_arm_muldivsf3.o)
                                                  build/gps.o
                                                  build/ssd1306.o
__aeabi_fmul                                      /usr/lib/gcc/arm-none-eabi/14.2.0/thumb/v7-m/nofp/libgcc.a(_arm_muldivsf3.o)
                                                  /usr/lib/gcc/arm-none-eabi/14.2.0/thumb/v7-m/nofp/libgcc.a(_arm_mulsf3.o)
                                                  /usr/lib/gcc/arm-none-eabi/14.2.0/../../../../arm-none-eabi/lib/thumb/v7-m/nofp/libm.a(libm_a-sf_scalbn.o)
                                                  /usr/lib/gcc/arm-none-eabi/14.2.0/../../../../arm-none-eabi/lib/thumb/v7-m/nofp/libm.a(libm_a-kf_rem_pio2.o)
                                                  /usr/lib/gcc/arm-none-eabi/14.2.0/../../../../arm-none-eabi/lib/thumb/v7-m/nofp/libm.a(libm_a-ef_rem_pio2.o)
                                                  /usr/lib/gcc/arm-none-eabi/14.2.0/../../../../arm-none-eabi/lib/thumb/v7-m/nofp/libm.a(libm_a-kf_sin.o)
                                                  /usr/lib/gcc/arm-none-eabi/14.2.0/../../../../arm-none-eabi/lib/thumb/v7-m/nofp/libm.a(libm_a-kf_cos.o)
                                                  build/ssd1306.o
__aeabi_frsub                                     /usr/lib/gcc/arm-none-eabi/14.2.0/thumb/v7-m/nofp/libgcc.a(_arm_addsubsf3.o)
__aeabi_fsub                                      /usr/lib/gcc/arm-none-eabi/14.2.0/thumb/v7-m/nofp/libgcc.a(_arm_addsubsf3.o)
                                                  /usr/lib/gcc/arm-none-eabi/14.2.0/../../../../arm-none-eabi/lib/thumb/v7-m/nofp/libm.a(libm_a-kf_rem_pio2.o)
                                                  /usr/lib/gcc/arm-none-eabi/14.2.0/../../../../arm-none-eabi/lib/thumb/v7-m/nofp/libm.a(libm_a-ef_rem_pio2.o)
                                                  /usr/lib/gcc/arm-none-eabi/14.2.0/../../../../arm-none-eabi/lib/thumb/v7-m/nofp/libm.a(libm_a-kf_sin.o)
                                                  /usr/lib/gcc/arm-none-eabi/14.2.0/../../../../arm-none-eabi/lib/thumb/v7-m/nofp/libm.a(libm_a-kf_cos.o)
                                                  /usr/lib/gcc/arm-none-eabi/14.2.0/../../../../arm-none-eabi/lib/thumb/v7-m/nofp/libm.a(libm_a-sf_sin.o)
                                                  /usr/lib/gcc/arm-none-eabi/14.2.0/../../../../arm-none-eabi/lib/thumb/v7-m/nofp/libm.a(libm_a-sf_cos.o)
                                                  build/gps.o
__aeabi_i2d                                       /usr/lib/gcc/arm-none-eabi/14.2.0/thumb/v7-m/nofp/libgcc.a(_arm_addsubdf3.o)
                                                  build/LoRa.o
__aeabi_i2f                                       /usr/lib/gcc/arm-none-eabi/14.2.0/thumb/v7-m/nofp/libgcc.a(_arm_addsubsf3.o)
                                                  /usr/lib/gcc/arm-none-eabi/14.2.0/../../../../arm-none-eabi/lib/thumb/v7-m/nofp/libm.a(libm_a-kf_rem_pio2.o)
                                                  /usr/lib/gcc/arm-none-eabi/14.2.0/../../../../arm-none-eabi/lib/thumb/v7-m/nofp/libm.a(libm_a-ef_rem_pio2.o)
                                                  build/gps.o
                                                  build/ssd1306.o
__aeabi_l2d                                       /usr/lib/gcc/arm-none-eabi/14.2.0/thumb/v7-m/nofp/libgcc.a(_arm_addsubdf3.o)
__aeabi_l2f                                       /usr/lib/gcc/arm-none-eabi/14.2.0/thumb/v7-m/nofp/libgcc.a(_arm_addsubsf3.o)
__aeabi_ui2d                                      /usr/lib/gcc/arm-none-eabi/14.2.0/thumb/v7-m/nofp/libgcc.a(_arm_addsubdf3.o)
__aeabi_ui2f                                      /usr/lib/gcc/arm-none-eabi/14.2.0/thumb/v7-m/nofp/libgcc.a(_arm_addsubsf3.o)
                                                  build/ssd1306.o
__aeabi_ul2d                                      /usr/lib/gcc/arm-none-eabi/14.2.0/thumb/v7-m/nofp/libgcc.a(_arm_addsubdf3.o)
__aeabi_ul2f                                      /usr/lib/gcc/arm-none-eabi/14.2.0/thumb/v7-m/nofp/libgcc.a(_arm_addsubsf3.o)
__atexit                                          /usr/lib/gcc/arm-none-eabi/14.2.0/../../../../arm-none-eabi/lib/thumb/v7-m/nofp/libc_nano.a(libc_a-__call_atexit.o)
                                                  /usr/lib/gcc/arm-none-eabi/14.2.0/../../../../arm-none-eabi/lib/thumb/v7-m/nofp/libc_nano.a(libc_a-__atexit.o)
__atexit0                                         /usr/lib/gcc/arm-none-eabi/14.2.0/../../../../arm-none-eabi/lib/thumb/v7-m/nofp/libc_nano.a(libc_a-__atexit.o)
__atexit_dummy                                    /usr/lib/gcc/arm-none-eabi/14.2.0/../../../../arm-none-eabi/lib/thumb/v7-m/nofp/libc_nano.a(libc_a-__atexit.o)
__atexit_recursive_mutex                          /usr/lib/gcc/arm-none-eabi/14.2.0/../../../../arm-none-eabi/lib/thumb/v7-m/nofp/libc_nano.a(libc_a-__call_atexit.o)
                                                  /usr/lib/gcc/arm-none-eabi/14.2.0/../../../../arm-none-eabi/lib/thumb/v7-m/nofp/libc_nano.a(libc_a-__atexit.o)
__bss_end__                                       /usr/lib/gcc/arm-none-eabi/14.2.0/../../../../arm-none-eabi/lib/thumb/v7-m/nofp/crt0.o
__bss_start__                                     /usr/lib/gcc/arm-none-eabi/14.2.0/../../../../arm-none-eabi/lib/thumb/v7-m/nofp/crt0.o
__call_exitprocs                                  /usr/lib/gcc/arm-none-eabi/14.2.0/../../../../arm-none-eabi/lib/thumb/v7-m/nofp/libc_nano.a(libc_a-__call_atexit.o)
                                                  /usr/lib/gcc/arm-none-eabi/14.2.0/../../../../arm-none-eabi/lib/thumb/v7-m/nofp/libc_nano.a(libc_a-__atexit.o)
                                                  /usr/lib/gcc/arm-none-eabi/14.2.0/../../../../arm-none-eabi/lib/thumb/v7-m/nofp/libc_nano.a(libc_a-exit.o)
__cmpsf2                                          /usr/lib/gcc/arm-none-eabi/14.2.0/thumb/v7-m/nofp/libgcc.a(_arm_cmpsf2.o)
__deregister_frame_info                           /usr/lib/gcc/arm-none-eabi/14.2.0/thumb/v7-m/nofp/crtbegin.o
__divdf3                                          /usr/lib/gcc/arm-none-eabi/14.2.0/thumb/v7-m/nofp/libgcc.a(_arm_muldivdf3.o)
__divsf3                                          /usr/lib/gcc/arm-none-eabi/14.2.0/thumb/v7-m/nofp/libgcc.a(_arm_muldivsf3.o)
__dso_handle                                      /usr/lib/gcc/arm-none-eabi/14.2.0/thumb/v7-m/nofp/crtbegin.o
__env                                             build/syscalls.o
__eqsf2                                           /usr/lib/gcc/arm-none-eabi/14.2.0/thumb/v7-m/nofp/libgcc.a(_arm_cmpsf2.o)
__errno                                           /usr/lib/gcc/arm-none-eabi/14.2.0/../../../../arm-none-eabi/lib/thumb/v7-m/nofp/libc_nano.a(libc_a-errno.o)
                                                  /usr/lib/gcc/arm-none-eabi/14.2.0/../../../../arm-none-eabi/lib/thumb/v7-m/nofp/libc_nano.a(libc_a-strtol.o)
                                                  build/syscalls.o
                                                  build/sysmem.o
__extendsfdf2                                     /usr/lib/gcc/arm-none-eabi/14.2.0/thumb/v7-m/nofp/libgcc.a(_arm_addsubdf3.o)
__fini_array_end                                  /usr/lib/gcc/arm-none-eabi/14.2.0/../../../../arm-none-eabi/lib/thumb/v7-m/nofp/libc_nano.a(libc_a-fini.o)
__fini_array_start                                /usr/lib/gcc/arm-none-eabi/14.2.0/../../../../arm-none-eabi/lib/thumb/v7-m/nofp/libc_nano.a(libc_a-fini.o)
__fixdfsi                                         /usr/lib/gcc/arm-none-eabi/14.2.0/thumb/v7-m/nofp/libgcc.a(_arm_fixdfsi.o)
__fixsfsi                                         /usr/lib/gcc/arm-none-eabi/14.2.0/thumb/v7-m/nofp/libgcc.a(_arm_fixsfsi.o)
__floatdidf                                       /usr/lib/gcc/arm-none-eabi/14.2.0/thumb/v7-m/nofp/libgcc.a(_arm_addsubdf3.o)
__floatdisf                                       /usr/lib/gcc/arm-none-eabi/14.2.0/thumb/v7-m/nofp/libgcc.a(_arm_addsubsf3.o)
__floatsidf                                       /usr/lib/gcc/arm-none-eabi/14.2.0/thumb/v7-m/nofp/libgcc.a(_arm_addsubdf3.o)
__floatsisf                                       /usr/lib/gcc/arm-none-eabi/14.2.0/thumb/v7-m/nofp/libgcc.a(_arm_addsubsf3.o)
__floatundidf                                     /usr/lib/gcc/arm-none-eabi/14.2.0/thumb/v7-m/nofp/libgcc.a(_arm_addsubdf3.o)
__floatundisf                                     /usr/lib/gcc/arm-none-eabi/14.2.0/thumb/v7-m/nofp/libgcc.a(_arm_addsubsf3.o)
__floatunsidf                                     /usr/lib/gcc/arm-none-eabi/14.2.0/thumb/v7-m/nofp/libgcc.a(_arm_addsubdf3.o)
__floatunsisf                                     /usr/lib/gcc/arm-none-eabi/14.2.0/thumb/v7-m/nofp/libgcc.a(_arm_addsubsf3.o)
__fp_lock_all                                     /usr/lib/gcc/arm-none-eabi/14.2.0/../../../../arm-none-eabi/lib/thumb/v7-m/nofp/libc_nano.a(libc_a-findfp.o)
__fp_unlock_all                                   /usr/lib/gcc/arm-none-eabi/14.2.0/../../../../arm-none-eabi/lib/thumb/v7-m/nofp/libc_nano.a(libc_a-findfp.o)
__gesf2                                           /usr/lib/gcc/arm-none-eabi/14.2.0/thumb/v7-m/nofp/libgcc.a(_arm_cmpsf2.o)
__gtsf2                                           /usr/lib/gcc/arm-none-eabi/14.2.0/thumb/v7-m/nofp/libgcc.a(_arm_cmpsf2.o)
__ieee754_rem_pio2f                               /usr/lib/gcc/arm-none-eabi/14.2.0/../../../../arm-none-eabi/lib/thumb/v7-m/nofp/libm.a(libm_a-ef_rem_pio2.o)
                                                  /usr/lib/gcc/arm-none-eabi/14.2.0/../../../../arm-none-eabi/lib/thumb/v7-m/nofp/libm.a(libm_a-sf_sin.o)
                                                  /usr/lib/gcc/arm-none-eabi/14.2.0/../../../../arm-none-eabi/lib/thumb/v7-m/nofp/libm.a(libm_a-sf_cos.o)
__init_array_end                                  /usr/lib/gcc/arm-none-eabi/14.2.0/../../../../arm-none-eabi/lib/thumb/v7-m/nofp/libc_nano.a(libc_a-init.o)
__init_array_start                                /usr/lib/gcc/arm-none-eabi/14.2.0/../../../../arm-none-eabi/lib/thumb/v7-m/nofp/libc_nano.a(libc_a-init.o)
__io_getchar                                      build/syscalls.o